<html>
<body>
<pre>
<h1>µVision Build Log</h1>
<h2>Project:</h2>
C:\Users\Alex\Documents\EE319K Fall 2016\Git Submission\ECEGodBattle\Lab8.uvproj
Project File Date:  11/28/2016

<h2>Output:</h2>
Rebuild target 'Lab8'
assembling startup.s...
assembling LCD.s...
assembling Print.s...
compiling ADC.c...
compiling Lab8.c...
Lab8.c(1864): warning:  #223-D: function "ADC_In0" declared implicitly
                reddiXpos = ADC_In0();
Lab8.c(1867): warning:  #223-D: function "ADC_In1" declared implicitly
                valvanoXpos = ADC_In1();
Lab8.c: 2 warnings, 0 errors
compiling ST7735.c...
compiling dac.c...
compiling Timer0.c...
compiling Timer1.c...
compiling Sound.c...
assembling random.s...
linking...
Program Size: Code=10344 RO-data=250556 RW-data=204 ZI-data=1436  
".\Lab8.axf" - 0 Error(s), 2 Warning(s).
Load "C:\\Users\\Alex\\Documents\\EE319K Fall 2016\\Git Submission\\ECEGodBattle\\Lab8.axf" 
Connecting: Mode=JTAG, Speed=1000000Hz
Erase Done.
Programming Done.
Verify OK.
</pre>
</body>
</html>
