ARM Linker, 5.03 [Build 76] [MDK-ARM Professional]

==============================================================================

Section Cross References

    startup.o(STACK) refers (Special) to heapauxi.o(.text) for __use_two_region_memory
    startup.o(HEAP) refers (Special) to heapauxi.o(.text) for __use_two_region_memory
    startup.o(RESET) refers (Special) to heapauxi.o(.text) for __use_two_region_memory
    startup.o(RESET) refers to startup.o(STACK) for StackMem
    startup.o(RESET) refers to lab8.o(i.SysTick_Handler) for SysTick_Handler
    startup.o(RESET) refers to timer0.o(i.Timer0A_Handler) for Timer0A_Handler
    startup.o(RESET) refers to timer1.o(i.Timer1A_Handler) for Timer1A_Handler
    startup.o(RESET) refers to texas.o(.text) for Timer4A_Handler
    startup.o(RESET) refers to __main.o(!!!main) for __main
    startup.o(.text) refers (Special) to heapauxi.o(.text) for __use_two_region_memory
    startup.o(.text) refers to startup.o(HEAP) for HeapMem
    startup.o(.text) refers to startup.o(STACK) for StackMem
    print.o(.text) refers (Special) to st7735.o(i.ST7735_OutString) for ST7735_OutString
    print.o(.text) refers to st7735.o(i.ST7735_OutChar) for ST7735_OutChar
    adc.o(i.ADC_In0) refers to adc.o(.data) for data0
    adc.o(i.ADC_In1) refers to adc.o(.data) for datajunk
    lab8.o(i.Countdown) refers to st7735.o(i.ST7735_SetRotation) for ST7735_SetRotation
    lab8.o(i.Countdown) refers to st7735.o(i.ST7735_DrawCharS) for ST7735_DrawCharS
    lab8.o(i.Port_Init) refers to adc.o(i.ADC_Init) for ADC_Init
    lab8.o(i.SysTick_Handler) refers to adc.o(i.ADC_In0) for ADC_In0
    lab8.o(i.SysTick_Handler) refers to adc.o(i.ADC_In1) for ADC_In1
    lab8.o(i.SysTick_Handler) refers to lab8.o(.data) for reddiXpos
    lab8.o(i.SysTick_Handler) refers to lab8.o(.bss) for paper
    lab8.o(i.collision$) refers to lab8.o(.bss) for money
    lab8.o(i.collision$) refers to lab8.o(.data) for reddiXpos
    lab8.o(i.collisions1) refers to st7735.o(i.ST7735_SetRotation) for ST7735_SetRotation
    lab8.o(i.collisions1) refers to st7735.o(i.ST7735_DrawBitmap) for ST7735_DrawBitmap
    lab8.o(i.collisions1) refers to sound.o(i.Sound_Play) for Sound_Play
    lab8.o(i.collisions1) refers to lab8.o(i.Delay100ms) for Delay100ms
    lab8.o(i.collisions1) refers to random.o(.text) for Random32
    lab8.o(i.collisions1) refers to lab8.o(.bss) for paper
    lab8.o(i.collisions1) refers to lab8.o(.data) for valvanoXpos
    lab8.o(i.collisions1) refers to lab8.o(.constdata) for Death
    lab8.o(i.collisions2) refers to st7735.o(i.ST7735_SetRotation) for ST7735_SetRotation
    lab8.o(i.collisions2) refers to st7735.o(i.ST7735_DrawBitmap) for ST7735_DrawBitmap
    lab8.o(i.collisions2) refers to sound.o(i.Sound_Play) for Sound_Play
    lab8.o(i.collisions2) refers to lab8.o(i.Delay100ms) for Delay100ms
    lab8.o(i.collisions2) refers to random.o(.text) for Random32
    lab8.o(i.collisions2) refers to lab8.o(.bss) for paper
    lab8.o(i.collisions2) refers to lab8.o(.data) for valvanoXpos
    lab8.o(i.collisions2) refers to lab8.o(.constdata) for Death
    lab8.o(i.drawmissile) refers to st7735.o(i.ST7735_SetRotation) for ST7735_SetRotation
    lab8.o(i.drawmissile) refers to st7735.o(i.ST7735_FillRect) for ST7735_FillRect
    lab8.o(i.drawmissile) refers to st7735.o(i.ST7735_DrawBitmap) for ST7735_DrawBitmap
    lab8.o(i.drawmissile) refers to lab8.o(.bss) for paper
    lab8.o(i.drawmissile) refers to lab8.o(.constdata) for Paper
    lab8.o(i.drawmissile) refers to lab8.o(.data) for bulmax
    lab8.o(i.drawmoney) refers to st7735.o(i.ST7735_SetRotation) for ST7735_SetRotation
    lab8.o(i.drawmoney) refers to st7735.o(i.ST7735_FillRect) for ST7735_FillRect
    lab8.o(i.drawmoney) refers to st7735.o(i.ST7735_DrawBitmap) for ST7735_DrawBitmap
    lab8.o(i.drawmoney) refers to lab8.o(.bss) for money
    lab8.o(i.drawmoney) refers to lab8.o(.constdata) for Dollarsign
    lab8.o(i.losesequence) refers to sound.o(i.Sound_Play) for Sound_Play
    lab8.o(i.losesequence) refers to st7735.o(i.ST7735_FillScreen) for ST7735_FillScreen
    lab8.o(i.losesequence) refers to st7735.o(i.ST7735_SetRotation) for ST7735_SetRotation
    lab8.o(i.losesequence) refers to st7735.o(i.ST7735_DrawString) for ST7735_DrawString
    lab8.o(i.losesequence) refers to lab8.o(i.Delay100ms) for Delay100ms
    lab8.o(i.losesequence) refers to lab8.o(.constdata) for LoseEnd
    lab8.o(i.losesequence) refers to lab8.o(.data) for win
    lab8.o(i.main) refers to texas.o(.text) for TExaS_Init
    lab8.o(i.main) refers to st7735.o(i.Output_Init) for Output_Init
    lab8.o(i.main) refers to lab8.o(i.Port_Init) for Port_Init
    lab8.o(i.main) refers to lab8.o(i.SysTick_Init) for SysTick_Init
    lab8.o(i.main) refers to sound.o(i.Sound_Init) for Sound_Init
    lab8.o(i.main) refers to random.o(.text) for Random_Init
    lab8.o(i.main) refers to startup.o(.text) for EnableInterrupts
    lab8.o(i.main) refers to st7735.o(i.ST7735_FillScreen) for ST7735_FillScreen
    lab8.o(i.main) refers to st7735.o(i.ST7735_DrawBitmap) for ST7735_DrawBitmap
    lab8.o(i.main) refers to st7735.o(i.ST7735_SetRotation) for ST7735_SetRotation
    lab8.o(i.main) refers to st7735.o(i.ST7735_DrawString) for ST7735_DrawString
    lab8.o(i.main) refers to sound.o(i.Sound_Play) for Sound_Play
    lab8.o(i.main) refers to lab8.o(i.Delay100ms) for Delay100ms
    lab8.o(i.main) refers to lab8.o(i.Countdown) for Countdown
    lab8.o(i.main) refers to lab8.o(i.missileinit) for missileinit
    lab8.o(i.main) refers to lab8.o(i.moneyinit) for moneyinit
    lab8.o(i.main) refers to timer1.o(i.Timer1_Init) for Timer1_Init
    lab8.o(i.main) refers to st7735.o(i.ST7735_FillRect) for ST7735_FillRect
    lab8.o(i.main) refers to lab8.o(i.drawmissile) for drawmissile
    lab8.o(i.main) refers to lab8.o(i.drawmoney) for drawmoney
    lab8.o(i.main) refers to lab8.o(i.collisions1) for collisions1
    lab8.o(i.main) refers to lab8.o(i.collision$) for collision$
    lab8.o(i.main) refers to st7735.o(i.ST7735_SetCursor) for ST7735_SetCursor
    lab8.o(i.main) refers to print.o(.text) for LCD_OutDec
    lab8.o(i.main) refers to st7735.o(i.ST7735_OutString) for ST7735_OutString
    lab8.o(i.main) refers to lab8.o(i.losesequence) for losesequence
    lab8.o(i.main) refers to lab8.o(i.collisions2) for collisions2
    lab8.o(i.main) refers to lab8.o(.constdata) for Logo
    lab8.o(i.main) refers to lab8.o(.data) for valvanoHealth
    lab8.o(i.main) refers to lab8.o(i.poll) for poll
    lab8.o(i.missileinit) refers to lab8.o(.bss) for paper
    lab8.o(i.missileinit) refers to lab8.o(.data) for bulmax
    lab8.o(i.moneyinit) refers to lab8.o(.bss) for money
    lab8.o(i.poll) refers to sound.o(i.Sound_Play) for Sound_Play
    lab8.o(i.poll) refers to random.o(.text) for Random32
    lab8.o(i.poll) refers to lab8.o(.data) for loop1
    lab8.o(i.poll) refers to lab8.o(.constdata) for shoot
    st7735.o(i.Output_Clear) refers to st7735.o(i.ST7735_FillScreen) for ST7735_FillScreen
    st7735.o(i.Output_Color) refers to st7735.o(i.ST7735_SetTextColor) for ST7735_SetTextColor
    st7735.o(i.Output_Init) refers to st7735.o(i.ST7735_InitR) for ST7735_InitR
    st7735.o(i.Output_Init) refers to st7735.o(i.ST7735_FillScreen) for ST7735_FillScreen
    st7735.o(i.Output_Off) refers to st7735.o(i.Output_Clear) for Output_Clear
    st7735.o(i.Output_On) refers to st7735.o(i.Output_Init) for Output_Init
    st7735.o(i.ST7735_DrawBitmap) refers to st7735.o(i.setAddrWindow) for setAddrWindow
    st7735.o(i.ST7735_DrawBitmap) refers to lcd.o(.text) for writedata
    st7735.o(i.ST7735_DrawBitmap) refers to st7735.o(.data) for _width
    st7735.o(i.ST7735_DrawChar) refers to st7735.o(i.setAddrWindow) for setAddrWindow
    st7735.o(i.ST7735_DrawChar) refers to st7735.o(i.pushColor) for pushColor
    st7735.o(i.ST7735_DrawChar) refers to st7735.o(.data) for _width
    st7735.o(i.ST7735_DrawChar) refers to st7735.o(.constdata) for Font
    st7735.o(i.ST7735_DrawCharS) refers to st7735.o(i.ST7735_DrawPixel) for ST7735_DrawPixel
    st7735.o(i.ST7735_DrawCharS) refers to st7735.o(i.ST7735_FillRect) for ST7735_FillRect
    st7735.o(i.ST7735_DrawCharS) refers to st7735.o(.data) for _width
    st7735.o(i.ST7735_DrawCharS) refers to st7735.o(.constdata) for Font
    st7735.o(i.ST7735_DrawFastHLine) refers to st7735.o(i.setAddrWindow) for setAddrWindow
    st7735.o(i.ST7735_DrawFastHLine) refers to lcd.o(.text) for writedata
    st7735.o(i.ST7735_DrawFastHLine) refers to st7735.o(.data) for _width
    st7735.o(i.ST7735_DrawFastVLine) refers to st7735.o(i.setAddrWindow) for setAddrWindow
    st7735.o(i.ST7735_DrawFastVLine) refers to lcd.o(.text) for writedata
    st7735.o(i.ST7735_DrawFastVLine) refers to st7735.o(.data) for _width
    st7735.o(i.ST7735_DrawMyCharS) refers to st7735.o(i.ST7735_DrawPixel) for ST7735_DrawPixel
    st7735.o(i.ST7735_DrawMyCharS) refers to st7735.o(i.ST7735_FillRect) for ST7735_FillRect
    st7735.o(i.ST7735_DrawMyCharS) refers to st7735.o(.data) for _height
    st7735.o(i.ST7735_DrawMyCharS) refers to st7735.o(.constdata) for Font
    st7735.o(i.ST7735_DrawPixel) refers to st7735.o(i.setAddrWindow) for setAddrWindow
    st7735.o(i.ST7735_DrawPixel) refers to st7735.o(i.pushColor) for pushColor
    st7735.o(i.ST7735_DrawPixel) refers to st7735.o(.data) for _width
    st7735.o(i.ST7735_DrawString) refers to st7735.o(i.ST7735_DrawCharS) for ST7735_DrawCharS
    st7735.o(i.ST7735_DrawmyString) refers to st7735.o(i.ST7735_DrawMyCharS) for ST7735_DrawMyCharS
    st7735.o(i.ST7735_FillRect) refers to st7735.o(i.setAddrWindow) for setAddrWindow
    st7735.o(i.ST7735_FillRect) refers to lcd.o(.text) for writedata
    st7735.o(i.ST7735_FillRect) refers to st7735.o(.data) for _width
    st7735.o(i.ST7735_FillScreen) refers to st7735.o(i.ST7735_FillRect) for ST7735_FillRect
    st7735.o(i.ST7735_FillScreen) refers to st7735.o(.data) for _height
    st7735.o(i.ST7735_InitB) refers to st7735.o(i.commonInit) for commonInit
    st7735.o(i.ST7735_InitB) refers to st7735.o(i.ST7735_SetCursor) for ST7735_SetCursor
    st7735.o(i.ST7735_InitB) refers to st7735.o(i.ST7735_FillScreen) for ST7735_FillScreen
    st7735.o(i.ST7735_InitB) refers to st7735.o(.constdata) for Bcmd
    st7735.o(i.ST7735_InitB) refers to st7735.o(.data) for StTextColor
    st7735.o(i.ST7735_InitR) refers to st7735.o(i.commonInit) for commonInit
    st7735.o(i.ST7735_InitR) refers to st7735.o(i.commandList) for commandList
    st7735.o(i.ST7735_InitR) refers to lcd.o(.text) for writecommand
    st7735.o(i.ST7735_InitR) refers to st7735.o(i.ST7735_SetCursor) for ST7735_SetCursor
    st7735.o(i.ST7735_InitR) refers to st7735.o(i.ST7735_FillScreen) for ST7735_FillScreen
    st7735.o(i.ST7735_InitR) refers to st7735.o(.constdata) for Rcmd1
    st7735.o(i.ST7735_InitR) refers to st7735.o(.data) for ColStart
    st7735.o(i.ST7735_InvertDisplay) refers to lcd.o(.text) for writecommand
    st7735.o(i.ST7735_OutChar) refers to st7735.o(i.ST7735_DrawString) for ST7735_DrawString
    st7735.o(i.ST7735_OutChar) refers to st7735.o(i.ST7735_DrawCharS) for ST7735_DrawCharS
    st7735.o(i.ST7735_OutChar) refers to st7735.o(.data) for StY
    st7735.o(i.ST7735_OutString) refers to st7735.o(i.ST7735_OutChar) for ST7735_OutChar
    st7735.o(i.ST7735_OutUDec) refers to st7735.o(i.fillmessage) for fillmessage
    st7735.o(i.ST7735_OutUDec) refers to st7735.o(i.ST7735_DrawString) for ST7735_DrawString
    st7735.o(i.ST7735_OutUDec) refers to st7735.o(i.ST7735_DrawCharS) for ST7735_DrawCharS
    st7735.o(i.ST7735_OutUDec) refers to st7735.o(.data) for Messageindex
    st7735.o(i.ST7735_OutUDec) refers to st7735.o(.bss) for Message
    st7735.o(i.ST7735_PlotBar) refers to st7735.o(i.ST7735_DrawFastVLine) for ST7735_DrawFastVLine
    st7735.o(i.ST7735_PlotBar) refers to st7735.o(.data) for Ymin
    st7735.o(i.ST7735_PlotClear) refers to st7735.o(i.ST7735_Color565) for ST7735_Color565
    st7735.o(i.ST7735_PlotClear) refers to st7735.o(i.ST7735_FillRect) for ST7735_FillRect
    st7735.o(i.ST7735_PlotClear) refers to st7735.o(.data) for Ymax
    st7735.o(i.ST7735_PlotLine) refers to st7735.o(i.ST7735_DrawPixel) for ST7735_DrawPixel
    st7735.o(i.ST7735_PlotLine) refers to st7735.o(.data) for Ymin
    st7735.o(i.ST7735_PlotNext) refers to st7735.o(.data) for X
    st7735.o(i.ST7735_PlotNextErase) refers to st7735.o(i.ST7735_Color565) for ST7735_Color565
    st7735.o(i.ST7735_PlotNextErase) refers to st7735.o(i.ST7735_DrawFastVLine) for ST7735_DrawFastVLine
    st7735.o(i.ST7735_PlotNextErase) refers to st7735.o(.data) for X
    st7735.o(i.ST7735_PlotPoint) refers to st7735.o(i.ST7735_DrawPixel) for ST7735_DrawPixel
    st7735.o(i.ST7735_PlotPoint) refers to st7735.o(.data) for Ymin
    st7735.o(i.ST7735_PlotPoints) refers to st7735.o(i.ST7735_DrawPixel) for ST7735_DrawPixel
    st7735.o(i.ST7735_PlotPoints) refers to st7735.o(.data) for Ymin
    st7735.o(i.ST7735_PlotdBfs) refers to st7735.o(i.ST7735_DrawFastVLine) for ST7735_DrawFastVLine
    st7735.o(i.ST7735_PlotdBfs) refers to st7735.o(.constdata) for dBfs
    st7735.o(i.ST7735_PlotdBfs) refers to st7735.o(.data) for X
    st7735.o(i.ST7735_SetCursor) refers to st7735.o(.data) for StX
    st7735.o(i.ST7735_SetRotation) refers to lcd.o(.text) for writecommand
    st7735.o(i.ST7735_SetRotation) refers to st7735.o(.data) for Rotation
    st7735.o(i.ST7735_SetTextColor) refers to st7735.o(.data) for StTextColor
    st7735.o(i.commandList) refers to lcd.o(.text) for writecommand
    st7735.o(i.commandList) refers to st7735.o(i.Delay1ms) for Delay1ms
    st7735.o(i.commonInit) refers to st7735.o(i.Delay1ms) for Delay1ms
    st7735.o(i.commonInit) refers to st7735.o(i.commandList) for commandList
    st7735.o(i.commonInit) refers to st7735.o(.data) for RowStart
    st7735.o(i.fillmessage) refers to st7735.o(.bss) for Message
    st7735.o(i.fillmessage) refers to st7735.o(.data) for Messageindex
    st7735.o(i.fputc) refers to st7735.o(i.ST7735_OutChar) for ST7735_OutChar
    st7735.o(i.pushColor) refers to lcd.o(.text) for writedata
    st7735.o(i.setAddrWindow) refers to lcd.o(.text) for writecommand
    st7735.o(i.setAddrWindow) refers to st7735.o(.data) for ColStart
    dac.o(i.DAC_Init) refers to dac.o(.data) for delay
    timer0.o(i.Timer0A_Handler) refers to timer0.o(.data) for PeriodicTask0
    timer0.o(i.Timer0_Init) refers to timer0.o(.data) for PeriodicTask0
    timer1.o(i.Timer1A_Handler) refers to timer1.o(.data) for PeriodicTask1
    timer1.o(i.Timer1_Init) refers to timer1.o(.data) for PeriodicTask1
    sound.o(i.Sound_Init) refers to timer0.o(i.Timer0_Init) for Timer0_Init
    sound.o(i.Sound_Init) refers to dac.o(i.DAC_Init) for DAC_Init
    sound.o(i.Sound_Init) refers to sound.o(i.Sound_Out) for Sound_Out
    sound.o(i.Sound_Out) refers to dac.o(i.DAC_Out) for DAC_Out
    sound.o(i.Sound_Out) refers to sound.o(.data) for Timer_Count
    sound.o(i.Sound_Play) refers to sound.o(.data) for Sound_Count
    random.o(.text) refers to random.o(DATA) for M
    texas.o(.text) refers to texas.o(.bss) for TExaS
    texas.o(.text) refers to texas.o(.constdata) for IntroMsg
    texas.o(.text) refers to texas.o(.data) for LastMode
    __main.o(!!!main) refers to rtentry.o(.ARM.Collect$$rtentry$$00000000) for __rt_entry
    rtentry.o(.ARM.Collect$$rtentry$$00000000) refers (Special) to rtentry2.o(.ARM.Collect$$rtentry$$0000000A) for __rt_entry_li
    rtentry.o(.ARM.Collect$$rtentry$$00000000) refers (Special) to rtentry2.o(.ARM.Collect$$rtentry$$0000000D) for __rt_entry_main
    rtentry.o(.ARM.Collect$$rtentry$$00000000) refers (Special) to rtentry2.o(.ARM.Collect$$rtentry$$0000000C) for __rt_entry_postli_1
    rtentry.o(.ARM.Collect$$rtentry$$00000000) refers (Special) to rtentry2.o(.ARM.Collect$$rtentry$$00000009) for __rt_entry_postsh_1
    rtentry.o(.ARM.Collect$$rtentry$$00000000) refers (Special) to rtentry2.o(.ARM.Collect$$rtentry$$00000002) for __rt_entry_presh_1
    rtentry.o(.ARM.Collect$$rtentry$$00000000) refers (Special) to rtentry4.o(.ARM.Collect$$rtentry$$00000004) for __rt_entry_sh
    rtentry2.o(.ARM.Collect$$rtentry$$00000008) refers to boardinit2.o(.text) for _platform_post_stackheap_init
    rtentry2.o(.ARM.Collect$$rtentry$$0000000A) refers to libinit.o(.ARM.Collect$$libinit$$00000000) for __rt_lib_init
    rtentry2.o(.ARM.Collect$$rtentry$$0000000B) refers to boardinit3.o(.text) for _platform_post_lib_init
    rtentry2.o(.ARM.Collect$$rtentry$$0000000D) refers to lab8.o(i.main) for main
    rtentry2.o(.ARM.Collect$$rtentry$$0000000D) refers to exit.o(.text) for exit
    rtentry2.o(.ARM.exidx) refers to rtentry2.o(.ARM.Collect$$rtentry$$00000001) for .ARM.Collect$$rtentry$$00000001
    rtentry2.o(.ARM.exidx) refers to rtentry2.o(.ARM.Collect$$rtentry$$00000008) for .ARM.Collect$$rtentry$$00000008
    rtentry2.o(.ARM.exidx) refers to rtentry2.o(.ARM.Collect$$rtentry$$0000000A) for .ARM.Collect$$rtentry$$0000000A
    rtentry2.o(.ARM.exidx) refers to rtentry2.o(.ARM.Collect$$rtentry$$0000000B) for .ARM.Collect$$rtentry$$0000000B
    rtentry2.o(.ARM.exidx) refers to rtentry2.o(.ARM.Collect$$rtentry$$0000000D) for .ARM.Collect$$rtentry$$0000000D
    rtentry4.o(.ARM.Collect$$rtentry$$00000004) refers to sys_stackheap_outer.o(.text) for __user_setup_stackheap
    rtentry4.o(.ARM.exidx) refers to rtentry4.o(.ARM.Collect$$rtentry$$00000004) for .ARM.Collect$$rtentry$$00000004
    sys_stackheap_outer.o(.text) refers to libspace.o(.text) for __user_perproc_libspace
    sys_stackheap_outer.o(.text) refers to startup.o(.text) for __user_initial_stackheap
    exit.o(.text) refers to rtexit.o(.ARM.Collect$$rtexit$$00000000) for __rt_exit
    libinit.o(.ARM.Collect$$libinit$$00000000) refers (Special) to libinit2.o(.ARM.Collect$$libinit$$0000002C) for __rt_lib_init_alloca_1
    libinit.o(.ARM.Collect$$libinit$$00000000) refers (Special) to libinit2.o(.ARM.Collect$$libinit$$0000002A) for __rt_lib_init_argv_1
    libinit.o(.ARM.Collect$$libinit$$00000000) refers (Special) to libinit2.o(.ARM.Collect$$libinit$$00000019) for __rt_lib_init_atexit_1
    libinit.o(.ARM.Collect$$libinit$$00000000) refers (Special) to libinit2.o(.ARM.Collect$$libinit$$0000001F) for __rt_lib_init_clock_1
    libinit.o(.ARM.Collect$$libinit$$00000000) refers (Special) to libinit2.o(.ARM.Collect$$libinit$$00000030) for __rt_lib_init_cpp_1
    libinit.o(.ARM.Collect$$libinit$$00000000) refers (Special) to libinit2.o(.ARM.Collect$$libinit$$0000002E) for __rt_lib_init_exceptions_1
    libinit.o(.ARM.Collect$$libinit$$00000000) refers (Special) to libinit2.o(.ARM.Collect$$libinit$$00000002) for __rt_lib_init_fp_1
    libinit.o(.ARM.Collect$$libinit$$00000000) refers (Special) to libinit2.o(.ARM.Collect$$libinit$$0000001D) for __rt_lib_init_fp_trap_1
    libinit.o(.ARM.Collect$$libinit$$00000000) refers (Special) to libinit2.o(.ARM.Collect$$libinit$$00000021) for __rt_lib_init_getenv_1
    libinit.o(.ARM.Collect$$libinit$$00000000) refers (Special) to libinit2.o(.ARM.Collect$$libinit$$00000008) for __rt_lib_init_heap_1
    libinit.o(.ARM.Collect$$libinit$$00000000) refers (Special) to libinit2.o(.ARM.Collect$$libinit$$0000000F) for __rt_lib_init_lc_collate_1
    libinit.o(.ARM.Collect$$libinit$$00000000) refers (Special) to libinit2.o(.ARM.Collect$$libinit$$00000011) for __rt_lib_init_lc_ctype_1
    libinit.o(.ARM.Collect$$libinit$$00000000) refers (Special) to libinit2.o(.ARM.Collect$$libinit$$00000013) for __rt_lib_init_lc_monetary_1
    libinit.o(.ARM.Collect$$libinit$$00000000) refers (Special) to libinit2.o(.ARM.Collect$$libinit$$00000015) for __rt_lib_init_lc_numeric_1
    libinit.o(.ARM.Collect$$libinit$$00000000) refers (Special) to libinit2.o(.ARM.Collect$$libinit$$00000017) for __rt_lib_init_lc_time_1
    libinit.o(.ARM.Collect$$libinit$$00000000) refers (Special) to libinit2.o(.ARM.Collect$$libinit$$0000000C) for __rt_lib_init_rand_1
    libinit.o(.ARM.Collect$$libinit$$00000000) refers (Special) to libinit2.o(.ARM.Collect$$libinit$$00000031) for __rt_lib_init_return
    libinit.o(.ARM.Collect$$libinit$$00000000) refers (Special) to libinit2.o(.ARM.Collect$$libinit$$0000001B) for __rt_lib_init_signal_1
    libinit.o(.ARM.Collect$$libinit$$00000000) refers (Special) to libinit2.o(.ARM.Collect$$libinit$$00000023) for __rt_lib_init_stdio_1
    libinit.o(.ARM.Collect$$libinit$$00000000) refers (Special) to libinit2.o(.ARM.Collect$$libinit$$0000000A) for __rt_lib_init_user_alloc_1
    libspace.o(.text) refers to libspace.o(.bss) for __libspace_start
    rtexit.o(.ARM.Collect$$rtexit$$00000000) refers (Special) to rtexit2.o(.ARM.Collect$$rtexit$$00000004) for __rt_exit_exit
    rtexit.o(.ARM.Collect$$rtexit$$00000000) refers (Special) to rtexit2.o(.ARM.Collect$$rtexit$$00000003) for __rt_exit_ls
    rtexit.o(.ARM.Collect$$rtexit$$00000000) refers (Special) to rtexit2.o(.ARM.Collect$$rtexit$$00000002) for __rt_exit_prels_1
    rtexit.o(.ARM.exidx) refers (Special) to rtexit2.o(.ARM.Collect$$rtexit$$00000004) for __rt_exit_exit
    rtexit.o(.ARM.exidx) refers (Special) to rtexit2.o(.ARM.Collect$$rtexit$$00000003) for __rt_exit_ls
    rtexit.o(.ARM.exidx) refers (Special) to rtexit2.o(.ARM.Collect$$rtexit$$00000002) for __rt_exit_prels_1
    rtexit.o(.ARM.exidx) refers to rtexit.o(.ARM.Collect$$rtexit$$00000000) for .ARM.Collect$$rtexit$$00000000
    libinit2.o(.ARM.Collect$$libinit$$0000000E) refers to libinit2.o(.ARM.Collect$$libinit$$0000000D) for .ARM.Collect$$libinit$$0000000D
    libinit2.o(.ARM.Collect$$libinit$$00000010) refers to libinit2.o(.ARM.Collect$$libinit$$0000000D) for .ARM.Collect$$libinit$$0000000D
    libinit2.o(.ARM.Collect$$libinit$$00000012) refers to libinit2.o(.ARM.Collect$$libinit$$0000000D) for .ARM.Collect$$libinit$$0000000D
    libinit2.o(.ARM.Collect$$libinit$$00000014) refers to libinit2.o(.ARM.Collect$$libinit$$0000000D) for .ARM.Collect$$libinit$$0000000D
    libinit2.o(.ARM.Collect$$libinit$$00000016) refers to libinit2.o(.ARM.Collect$$libinit$$0000000D) for .ARM.Collect$$libinit$$0000000D
    libinit2.o(.ARM.Collect$$libinit$$00000024) refers to argv_veneer.o(.emb_text) for __ARM_argv_veneer
    libinit2.o(.ARM.Collect$$libinit$$00000025) refers to argv_veneer.o(.emb_text) for __ARM_argv_veneer
    rtexit2.o(.ARM.Collect$$rtexit$$00000003) refers to libshutdown.o(.ARM.Collect$$libshutdown$$00000000) for __rt_lib_shutdown
    rtexit2.o(.ARM.Collect$$rtexit$$00000004) refers to sys_exit.o(.text) for _sys_exit
    rtexit2.o(.ARM.exidx) refers to rtexit2.o(.ARM.Collect$$rtexit$$00000001) for .ARM.Collect$$rtexit$$00000001
    rtexit2.o(.ARM.exidx) refers to rtexit2.o(.ARM.Collect$$rtexit$$00000003) for .ARM.Collect$$rtexit$$00000003
    rtexit2.o(.ARM.exidx) refers to rtexit2.o(.ARM.Collect$$rtexit$$00000004) for .ARM.Collect$$rtexit$$00000004
    argv_veneer.o(.emb_text) refers to no_argv.o(.text) for __ARM_get_argv
    sys_exit.o(.text) refers (Special) to use_no_semi.o(.text) for __I$use$semihosting
    sys_exit.o(.text) refers (Special) to indicate_semi.o(.text) for __semihosting_library_function
    _get_argv_nomalloc.o(.text) refers (Special) to hrguard.o(.text) for __heap_region$guard
    _get_argv_nomalloc.o(.text) refers to defsig_rtmem_outer.o(.text) for __rt_SIGRTMEM
    _get_argv_nomalloc.o(.text) refers to sys_command.o(.text) for _sys_command_string
    libshutdown.o(.ARM.Collect$$libshutdown$$00000000) refers (Special) to libshutdown2.o(.ARM.Collect$$libshutdown$$00000006) for __rt_lib_shutdown_fp_trap_1
    libshutdown.o(.ARM.Collect$$libshutdown$$00000000) refers (Special) to libshutdown2.o(.ARM.Collect$$libshutdown$$0000000E) for __rt_lib_shutdown_heap_1
    libshutdown.o(.ARM.Collect$$libshutdown$$00000000) refers (Special) to libshutdown2.o(.ARM.Collect$$libshutdown$$0000000F) for __rt_lib_shutdown_return
    libshutdown.o(.ARM.Collect$$libshutdown$$00000000) refers (Special) to libshutdown2.o(.ARM.Collect$$libshutdown$$00000009) for __rt_lib_shutdown_signal_1
    libshutdown.o(.ARM.Collect$$libshutdown$$00000000) refers (Special) to libshutdown2.o(.ARM.Collect$$libshutdown$$00000003) for __rt_lib_shutdown_stdio_1
    libshutdown.o(.ARM.Collect$$libshutdown$$00000000) refers (Special) to libshutdown2.o(.ARM.Collect$$libshutdown$$0000000B) for __rt_lib_shutdown_user_alloc_1
    sys_command.o(.text) refers (Special) to use_no_semi.o(.text) for __I$use$semihosting
    sys_command.o(.text) refers (Special) to indicate_semi.o(.text) for __semihosting_library_function
    defsig_rtmem_outer.o(.text) refers to defsig_rtmem_inner.o(.text) for __rt_SIGRTMEM_inner
    defsig_rtmem_outer.o(.text) refers to defsig_exit.o(.text) for __sig_exit
    defsig_rtmem_formal.o(.text) refers to rt_raise.o(.text) for __rt_raise
    rt_raise.o(.text) refers to __raise.o(.text) for __raise
    rt_raise.o(.text) refers to sys_exit.o(.text) for _sys_exit
    defsig_exit.o(.text) refers to sys_exit.o(.text) for _sys_exit
    defsig_rtmem_inner.o(.text) refers to defsig_general.o(.text) for __default_signal_display
    __raise.o(.text) refers to defsig.o(CL$$defsig) for __default_signal_handler
    defsig_general.o(.text) refers to sys_wrch.o(.text) for _ttywrch
    sys_wrch.o(.text) refers (Special) to use_no_semi.o(.text) for __I$use$semihosting
    sys_wrch.o(.text) refers (Special) to indicate_semi.o(.text) for __semihosting_library_function
    defsig.o(CL$$defsig) refers to defsig_rtmem_inner.o(.text) for __rt_SIGRTMEM_inner
    defsig_abrt_inner.o(.text) refers to defsig_general.o(.text) for __default_signal_display
    defsig_fpe_inner.o(.text) refers to defsig_general.o(.text) for __default_signal_display
    defsig_rtred_inner.o(.text) refers to defsig_general.o(.text) for __default_signal_display
    defsig_stak_inner.o(.text) refers to defsig_general.o(.text) for __default_signal_display
    defsig_pvfn_inner.o(.text) refers to defsig_general.o(.text) for __default_signal_display
    defsig_cppl_inner.o(.text) refers to defsig_general.o(.text) for __default_signal_display
    defsig_segv_inner.o(.text) refers to defsig_general.o(.text) for __default_signal_display
    defsig_other.o(.text) refers to defsig_general.o(.text) for __default_signal_display


==============================================================================

Removing Unused input sections from the image.

    Removing st7735.o(i.Output_Clear), (10 bytes).
    Removing st7735.o(i.Output_Color), (12 bytes).
    Removing st7735.o(i.Output_Off), (8 bytes).
    Removing st7735.o(i.Output_On), (8 bytes).
    Removing st7735.o(i.ST7735_Color565), (24 bytes).
    Removing st7735.o(i.ST7735_DrawChar), (268 bytes).
    Removing st7735.o(i.ST7735_DrawFastHLine), (124 bytes).
    Removing st7735.o(i.ST7735_DrawFastVLine), (124 bytes).
    Removing st7735.o(i.ST7735_DrawMyCharS), (244 bytes).
    Removing st7735.o(i.ST7735_DrawmyString), (84 bytes).
    Removing st7735.o(i.ST7735_InitB), (40 bytes).
    Removing st7735.o(i.ST7735_InvertDisplay), (22 bytes).
    Removing st7735.o(i.ST7735_OutUDec), (140 bytes).
    Removing st7735.o(i.ST7735_PlotBar), (88 bytes).
    Removing st7735.o(i.ST7735_PlotClear), (92 bytes).
    Removing st7735.o(i.ST7735_PlotLine), (264 bytes).
    Removing st7735.o(i.ST7735_PlotNext), (32 bytes).
    Removing st7735.o(i.ST7735_PlotNextErase), (64 bytes).
    Removing st7735.o(i.ST7735_PlotPoint), (152 bytes).
    Removing st7735.o(i.ST7735_PlotPoints), (172 bytes).
    Removing st7735.o(i.ST7735_PlotdBfs), (60 bytes).
    Removing st7735.o(i.ST7735_SetTextColor), (12 bytes).
    Removing st7735.o(i.ST7735_SwapColor), (18 bytes).
    Removing st7735.o(i.ferror), (8 bytes).
    Removing st7735.o(i.fgetc), (6 bytes).
    Removing st7735.o(i.fillmessage), (72 bytes).
    Removing st7735.o(i.fputc), (16 bytes).
    Removing st7735.o(.bss), (12 bytes).
    Removing timer0.o(i.Timer0A_Start), (20 bytes).
    Removing timer0.o(i.Timer0A_Stop), (20 bytes).

30 unused section(s) (total 2216 bytes) removed from the image.

==============================================================================

Image Symbol Table

    Local Symbols

    Symbol Name                              Value     Ov Type        Size  Object(Section)

    RESET                                    0x00000000   Section      644  startup.o(RESET)
    ../clib/angel/boardlib.s                 0x00000000   Number         0  boardinit3.o ABSOLUTE
    ../clib/angel/boardlib.s                 0x00000000   Number         0  boardinit1.o ABSOLUTE
    ../clib/angel/boardlib.s                 0x00000000   Number         0  boardinit2.o ABSOLUTE
    ../clib/angel/boardlib.s                 0x00000000   Number         0  boardshut.o ABSOLUTE
    ../clib/angel/handlers.s                 0x00000000   Number         0  __scatter_zi.o ABSOLUTE
    ../clib/angel/handlers.s                 0x00000000   Number         0  __scatter_copy.o ABSOLUTE
    ../clib/angel/kernel.s                   0x00000000   Number         0  rtentry4.o ABSOLUTE
    ../clib/angel/kernel.s                   0x00000000   Number         0  rtentry.o ABSOLUTE
    ../clib/angel/kernel.s                   0x00000000   Number         0  rtentry2.o ABSOLUTE
    ../clib/angel/kernel.s                   0x00000000   Number         0  rtexit2.o ABSOLUTE
    ../clib/angel/kernel.s                   0x00000000   Number         0  rtexit.o ABSOLUTE
    ../clib/angel/rt.s                       0x00000000   Number         0  rt_raise.o ABSOLUTE
    ../clib/angel/scatter.s                  0x00000000   Number         0  __scatter.o ABSOLUTE
    ../clib/angel/startup.s                  0x00000000   Number         0  __main.o ABSOLUTE
    ../clib/angel/sys.s                      0x00000000   Number         0  libspace.o ABSOLUTE
    ../clib/angel/sys.s                      0x00000000   Number         0  sys_stackheap_outer.o ABSOLUTE
    ../clib/angel/sys.s                      0x00000000   Number         0  indicate_semi.o ABSOLUTE
    ../clib/angel/sys.s                      0x00000000   Number         0  use_no_semi.o ABSOLUTE
    ../clib/angel/sysapp.c                   0x00000000   Number         0  sys_wrch.o ABSOLUTE
    ../clib/angel/sysapp.c                   0x00000000   Number         0  sys_command.o ABSOLUTE
    ../clib/angel/sysapp.c                   0x00000000   Number         0  sys_exit.o ABSOLUTE
    ../clib/armsys.c                         0x00000000   Number         0  argv_veneer.o ABSOLUTE
    ../clib/armsys.c                         0x00000000   Number         0  argv_veneer.o ABSOLUTE
    ../clib/armsys.c                         0x00000000   Number         0  no_argv.o ABSOLUTE
    ../clib/armsys.c                         0x00000000   Number         0  _get_argv_nomalloc.o ABSOLUTE
    ../clib/heapalloc.c                      0x00000000   Number         0  hrguard.o ABSOLUTE
    ../clib/heapaux.c                        0x00000000   Number         0  heapauxi.o ABSOLUTE
    ../clib/libinit.s                        0x00000000   Number         0  libinit2.o ABSOLUTE
    ../clib/libinit.s                        0x00000000   Number         0  libshutdown.o ABSOLUTE
    ../clib/libinit.s                        0x00000000   Number         0  libshutdown2.o ABSOLUTE
    ../clib/libinit.s                        0x00000000   Number         0  libinit.o ABSOLUTE
    ../clib/signal.c                         0x00000000   Number         0  defsig_rtmem_outer.o ABSOLUTE
    ../clib/signal.c                         0x00000000   Number         0  defsig_rtmem_formal.o ABSOLUTE
    ../clib/signal.c                         0x00000000   Number         0  defsig_exit.o ABSOLUTE
    ../clib/signal.c                         0x00000000   Number         0  defsig_rtred_inner.o ABSOLUTE
    ../clib/signal.c                         0x00000000   Number         0  defsig_stak_inner.o ABSOLUTE
    ../clib/signal.c                         0x00000000   Number         0  defsig_rtmem_inner.o ABSOLUTE
    ../clib/signal.c                         0x00000000   Number         0  __raise.o ABSOLUTE
    ../clib/signal.c                         0x00000000   Number         0  defsig_abrt_inner.o ABSOLUTE
    ../clib/signal.c                         0x00000000   Number         0  defsig_fpe_inner.o ABSOLUTE
    ../clib/signal.c                         0x00000000   Number         0  defsig_pvfn_inner.o ABSOLUTE
    ../clib/signal.c                         0x00000000   Number         0  defsig_cppl_inner.o ABSOLUTE
    ../clib/signal.c                         0x00000000   Number         0  defsig_segv_inner.o ABSOLUTE
    ../clib/signal.c                         0x00000000   Number         0  defsig_other.o ABSOLUTE
    ../clib/signal.c                         0x00000000   Number         0  defsig_general.o ABSOLUTE
    ../clib/signal.s                         0x00000000   Number         0  defsig.o ABSOLUTE
    ../clib/stdlib.c                         0x00000000   Number         0  exit.o ABSOLUTE
    ../fplib/fpinit.s                        0x00000000   Number         0  fpinit.o ABSOLUTE
    ..\..\..\..\Desktop\lab10-starter-master-8392400a7d36907eafc940a1036025b4a4e0e430\lab10-starter-master-8392400a7d36907eafc940a1036025b4a4e0e430\random.s 0x00000000   Number         0  random.o ABSOLUTE
    ADC.c                                    0x00000000   Number         0  adc.o ABSOLUTE
    LCD.s                                    0x00000000   Number         0  lcd.o ABSOLUTE
    Lab8.c                                   0x00000000   Number         0  lab8.o ABSOLUTE
    Print.s                                  0x00000000   Number         0  print.o ABSOLUTE
    ST7735.c                                 0x00000000   Number         0  st7735.o ABSOLUTE
    Sound.c                                  0x00000000   Number         0  sound.o ABSOLUTE
    TExaS.c                                  0x00000000   Number         0  texas.o ABSOLUTE
    Timer0.c                                 0x00000000   Number         0  timer0.o ABSOLUTE
    Timer1.c                                 0x00000000   Number         0  timer1.o ABSOLUTE
    dac.c                                    0x00000000   Number         0  dac.o ABSOLUTE
    dc.s                                     0x00000000   Number         0  dc.o ABSOLUTE
    startup.s                                0x00000000   Number         0  startup.o ABSOLUTE
    !!!main                                  0x00000284   Section        8  __main.o(!!!main)
    !!!scatter                               0x0000028c   Section       52  __scatter.o(!!!scatter)
    !!handler_copy                           0x000002c0   Section       26  __scatter_copy.o(!!handler_copy)
    !!handler_zi                             0x000002dc   Section       28  __scatter_zi.o(!!handler_zi)
    .ARM.Collect$$libinit$$00000000          0x000002f8   Section        2  libinit.o(.ARM.Collect$$libinit$$00000000)
    .ARM.Collect$$libinit$$00000002          0x000002fa   Section        0  libinit2.o(.ARM.Collect$$libinit$$00000002)
    .ARM.Collect$$libinit$$00000008          0x000002fa   Section        0  libinit2.o(.ARM.Collect$$libinit$$00000008)
    .ARM.Collect$$libinit$$0000000A          0x000002fa   Section        0  libinit2.o(.ARM.Collect$$libinit$$0000000A)
    .ARM.Collect$$libinit$$0000000C          0x000002fa   Section        0  libinit2.o(.ARM.Collect$$libinit$$0000000C)
    .ARM.Collect$$libinit$$0000000F          0x000002fa   Section        0  libinit2.o(.ARM.Collect$$libinit$$0000000F)
    .ARM.Collect$$libinit$$00000011          0x000002fa   Section        0  libinit2.o(.ARM.Collect$$libinit$$00000011)
    .ARM.Collect$$libinit$$00000013          0x000002fa   Section        0  libinit2.o(.ARM.Collect$$libinit$$00000013)
    .ARM.Collect$$libinit$$00000015          0x000002fa   Section        0  libinit2.o(.ARM.Collect$$libinit$$00000015)
    .ARM.Collect$$libinit$$00000017          0x000002fa   Section        0  libinit2.o(.ARM.Collect$$libinit$$00000017)
    .ARM.Collect$$libinit$$00000019          0x000002fa   Section        0  libinit2.o(.ARM.Collect$$libinit$$00000019)
    .ARM.Collect$$libinit$$0000001B          0x000002fa   Section        0  libinit2.o(.ARM.Collect$$libinit$$0000001B)
    .ARM.Collect$$libinit$$0000001D          0x000002fa   Section        0  libinit2.o(.ARM.Collect$$libinit$$0000001D)
    .ARM.Collect$$libinit$$0000001F          0x000002fa   Section        0  libinit2.o(.ARM.Collect$$libinit$$0000001F)
    .ARM.Collect$$libinit$$00000021          0x000002fa   Section        0  libinit2.o(.ARM.Collect$$libinit$$00000021)
    .ARM.Collect$$libinit$$00000023          0x000002fa   Section        0  libinit2.o(.ARM.Collect$$libinit$$00000023)
    .ARM.Collect$$libinit$$0000002A          0x000002fa   Section        0  libinit2.o(.ARM.Collect$$libinit$$0000002A)
    .ARM.Collect$$libinit$$0000002C          0x000002fa   Section        0  libinit2.o(.ARM.Collect$$libinit$$0000002C)
    .ARM.Collect$$libinit$$0000002E          0x000002fa   Section        0  libinit2.o(.ARM.Collect$$libinit$$0000002E)
    .ARM.Collect$$libinit$$00000030          0x000002fa   Section        0  libinit2.o(.ARM.Collect$$libinit$$00000030)
    .ARM.Collect$$libinit$$00000031          0x000002fa   Section        2  libinit2.o(.ARM.Collect$$libinit$$00000031)
    .ARM.Collect$$libshutdown$$00000000      0x000002fc   Section        2  libshutdown.o(.ARM.Collect$$libshutdown$$00000000)
    .ARM.Collect$$libshutdown$$00000003      0x000002fe   Section        0  libshutdown2.o(.ARM.Collect$$libshutdown$$00000003)
    .ARM.Collect$$libshutdown$$00000006      0x000002fe   Section        0  libshutdown2.o(.ARM.Collect$$libshutdown$$00000006)
    .ARM.Collect$$libshutdown$$00000009      0x000002fe   Section        0  libshutdown2.o(.ARM.Collect$$libshutdown$$00000009)
    .ARM.Collect$$libshutdown$$0000000B      0x000002fe   Section        0  libshutdown2.o(.ARM.Collect$$libshutdown$$0000000B)
    .ARM.Collect$$libshutdown$$0000000E      0x000002fe   Section        0  libshutdown2.o(.ARM.Collect$$libshutdown$$0000000E)
    .ARM.Collect$$libshutdown$$0000000F      0x000002fe   Section        2  libshutdown2.o(.ARM.Collect$$libshutdown$$0000000F)
    .ARM.Collect$$rtentry$$00000000          0x00000300   Section        0  rtentry.o(.ARM.Collect$$rtentry$$00000000)
    .ARM.Collect$$rtentry$$00000002          0x00000300   Section        0  rtentry2.o(.ARM.Collect$$rtentry$$00000002)
    .ARM.Collect$$rtentry$$00000004          0x00000300   Section        6  rtentry4.o(.ARM.Collect$$rtentry$$00000004)
    .ARM.Collect$$rtentry$$00000009          0x00000306   Section        0  rtentry2.o(.ARM.Collect$$rtentry$$00000009)
    .ARM.Collect$$rtentry$$0000000A          0x00000306   Section        4  rtentry2.o(.ARM.Collect$$rtentry$$0000000A)
    .ARM.Collect$$rtentry$$0000000C          0x0000030a   Section        0  rtentry2.o(.ARM.Collect$$rtentry$$0000000C)
    .ARM.Collect$$rtentry$$0000000D          0x0000030a   Section        8  rtentry2.o(.ARM.Collect$$rtentry$$0000000D)
    .ARM.Collect$$rtexit$$00000000           0x00000312   Section        2  rtexit.o(.ARM.Collect$$rtexit$$00000000)
    .ARM.Collect$$rtexit$$00000002           0x00000314   Section        0  rtexit2.o(.ARM.Collect$$rtexit$$00000002)
    .ARM.Collect$$rtexit$$00000003           0x00000314   Section        4  rtexit2.o(.ARM.Collect$$rtexit$$00000003)
    .ARM.Collect$$rtexit$$00000004           0x00000318   Section        6  rtexit2.o(.ARM.Collect$$rtexit$$00000004)
    .text                                    0x00000320   Section       48  startup.o(.text)
    .text                                    0x00000350   Section       80  lcd.o(.text)
    .text                                    0x000003a0   Section      268  print.o(.text)
    .text                                    0x000004ac   Section       64  random.o(.text)
    .text                                    0x000004ec   Section        0  texas.o(.text)
    .text                                    0x0000098c   Section        0  heapauxi.o(.text)
    .text                                    0x00000992   Section       74  sys_stackheap_outer.o(.text)
    .text                                    0x000009dc   Section        0  exit.o(.text)
    .text                                    0x000009e8   Section        8  libspace.o(.text)
    .text                                    0x000009f0   Section        0  sys_exit.o(.text)
    .text                                    0x000009fc   Section        2  use_no_semi.o(.text)
    .text                                    0x000009fe   Section        0  indicate_semi.o(.text)
    i.ADC_In0                                0x00000a00   Section        0  adc.o(i.ADC_In0)
    i.ADC_In1                                0x00000a38   Section        0  adc.o(i.ADC_In1)
    i.ADC_Init                               0x00000a84   Section        0  adc.o(i.ADC_Init)
    i.Countdown                              0x00000b64   Section        0  lab8.o(i.Countdown)
    i.DAC_Init                               0x00000c6c   Section        0  dac.o(i.DAC_Init)
    i.DAC_Out                                0x00000cc8   Section        0  dac.o(i.DAC_Out)
    i.Delay100ms                             0x00000cd4   Section        0  lab8.o(i.Delay100ms)
    i.Delay1ms                               0x00000cf8   Section        0  st7735.o(i.Delay1ms)
    i.Output_Init                            0x00000d18   Section        0  st7735.o(i.Output_Init)
    i.Port_Init                              0x00000d28   Section        0  lab8.o(i.Port_Init)
    i.ST7735_DrawBitmap                      0x00000d7c   Section        0  st7735.o(i.ST7735_DrawBitmap)
    i.ST7735_DrawCharS                       0x00000e9c   Section        0  st7735.o(i.ST7735_DrawCharS)
    i.ST7735_DrawPixel                       0x00000f90   Section        0  st7735.o(i.ST7735_DrawPixel)
    i.ST7735_DrawString                      0x00000fd8   Section        0  st7735.o(i.ST7735_DrawString)
    i.ST7735_FillRect                        0x0000102c   Section        0  st7735.o(i.ST7735_FillRect)
    i.ST7735_FillScreen                      0x000010d8   Section        0  st7735.o(i.ST7735_FillScreen)
    i.ST7735_InitR                           0x000010fc   Section        0  st7735.o(i.ST7735_InitR)
    i.ST7735_OutChar                         0x00001178   Section        0  st7735.o(i.ST7735_OutChar)
    i.ST7735_OutString                       0x0000124c   Section        0  st7735.o(i.ST7735_OutString)
    i.ST7735_SetCursor                       0x00001264   Section        0  st7735.o(i.ST7735_SetCursor)
    i.ST7735_SetRotation                     0x00001284   Section        0  st7735.o(i.ST7735_SetRotation)
    i.Sound_Init                             0x00001358   Section        0  sound.o(i.Sound_Init)
    i.Sound_Out                              0x00001370   Section        0  sound.o(i.Sound_Out)
    i.Sound_Play                             0x000013a4   Section        0  sound.o(i.Sound_Play)
    i.SysTick_Handler                        0x000013c0   Section        0  lab8.o(i.SysTick_Handler)
    i.SysTick_Init                           0x00001650   Section        0  lab8.o(i.SysTick_Init)
    i.Timer0A_Handler                        0x00001684   Section        0  timer0.o(i.Timer0A_Handler)
    i.Timer0_Init                            0x0000169c   Section        0  timer0.o(i.Timer0_Init)
    i.Timer1A_Handler                        0x000016fc   Section        0  timer1.o(i.Timer1A_Handler)
    i.Timer1_Init                            0x00001714   Section        0  timer1.o(i.Timer1_Init)
    i.collision$                             0x00001774   Section        0  lab8.o(i.collision$)
    i.collisions1                            0x000017e0   Section        0  lab8.o(i.collisions1)
    i.collisions2                            0x000019d0   Section        0  lab8.o(i.collisions2)
    i.commandList                            0x00001bb8   Section        0  st7735.o(i.commandList)
    commandList                              0x00001bb9   Thumb Code    86  st7735.o(i.commandList)
    i.commonInit                             0x00001c10   Section        0  st7735.o(i.commonInit)
    commonInit                               0x00001c11   Thumb Code   340  st7735.o(i.commonInit)
    i.drawmissile                            0x00001d94   Section        0  lab8.o(i.drawmissile)
    i.drawmoney                              0x00001e7c   Section        0  lab8.o(i.drawmoney)
    i.losesequence                           0x00001ecc   Section        0  lab8.o(i.losesequence)
    i.main                                   0x00001f5c   Section        0  lab8.o(i.main)
    i.missileinit                            0x00002528   Section        0  lab8.o(i.missileinit)
    i.moneyinit                              0x00002574   Section        0  lab8.o(i.moneyinit)
    i.poll                                   0x00002590   Section        0  lab8.o(i.poll)
    i.pushColor                              0x00002668   Section        0  st7735.o(i.pushColor)
    pushColor                                0x00002669   Thumb Code    18  st7735.o(i.pushColor)
    i.setAddrWindow                          0x0000267c   Section        0  st7735.o(i.setAddrWindow)
    setAddrWindow                            0x0000267d   Thumb Code   106  st7735.o(i.setAddrWindow)
    .constdata                               0x000026f0   Section    228609  lab8.o(.constdata)
    .constdata                               0x0003a3f1   Section     2018  st7735.o(.constdata)
    Font                                     0x0003a3f1   Data        1275  st7735.o(.constdata)
    Bcmd                                     0x0003a8ec   Data         103  st7735.o(.constdata)
    Rcmd1                                    0x0003a953   Data          59  st7735.o(.constdata)
    Rcmd2green                               0x0003a98e   Data          13  st7735.o(.constdata)
    Rcmd2red                                 0x0003a99b   Data          13  st7735.o(.constdata)
    Rcmd3                                    0x0003a9a8   Data          43  st7735.o(.constdata)
    .constdata                               0x0003abd3   Section      240  texas.o(.constdata)
    .data                                    0x20000000   Section       12  adc.o(.data)
    .data                                    0x2000000c   Section       72  lab8.o(.data)
    .data                                    0x20000054   Section       44  st7735.o(.data)
    _width                                   0x2000005e   Data           2  st7735.o(.data)
    _height                                  0x20000060   Data           2  st7735.o(.data)
    ColStart                                 0x20000068   Data           1  st7735.o(.data)
    RowStart                                 0x20000069   Data           1  st7735.o(.data)
    Rotation                                 0x2000006a   Data           1  st7735.o(.data)
    TabColor                                 0x2000006b   Data           1  st7735.o(.data)
    .data                                    0x20000080   Section        1  dac.o(.data)
    .data                                    0x20000084   Section        4  timer0.o(.data)
    .data                                    0x20000088   Section        4  timer1.o(.data)
    .data                                    0x2000008c   Section       12  sound.o(.data)
    .data                                    0x20000098   Section       48  texas.o(.data)
    DATA                                     0x200000c8   Section        4  random.o(DATA)
    M                                        0x200000c8   Data           4  random.o(DATA)
    .bss                                     0x200000cc   Section      260  lab8.o(.bss)
    .bss                                     0x200001d0   Section       56  texas.o(.bss)
    .bss                                     0x20000208   Section       96  libspace.o(.bss)
    HEAP                                     0x20000268   Section        0  startup.o(HEAP)
    STACK                                    0x20000268   Section     1024  startup.o(STACK)
    HeapMem                                  0x20000268   Data           0  startup.o(HEAP)
    StackMem                                 0x20000268   Data           0  startup.o(STACK)

    Global Symbols

    Symbol Name                              Value     Ov Type        Size  Object(Section)

    BuildAttributes$$THM_ISAv4$E$P$D$K$B$S$7EM$PE$A:L22UL41UL21$X:L11$S22US41US21$IEEE1$IW$USESV6$~STKCKD$USESV7$~SHL$OSPACE$ROPI$EBA8$UX$STANDARDLIB$REQ8$PRES8$EABIv2 0x00000000   Number         0  anon$$obj.o ABSOLUTE
    __ARM_use_no_argv                        0x00000000   Number         0  lab8.o ABSOLUTE
    __Vectors                                0x00000000   Data           0  startup.o(RESET)
    __ARM_exceptions_init                     - Undefined Weak Reference
    __alloca_initialize                       - Undefined Weak Reference
    __cpp_initialize__aeabi_                  - Undefined Weak Reference
    __cxa_finalize                            - Undefined Weak Reference
    __rt_locale                               - Undefined Weak Reference
    __sigvec_lookup                           - Undefined Weak Reference
    _atexit_init                              - Undefined Weak Reference
    _call_atexit_fns                          - Undefined Weak Reference
    _clock_init                               - Undefined Weak Reference
    _fp_trap_init                             - Undefined Weak Reference
    _fp_trap_shutdown                         - Undefined Weak Reference
    _get_lc_collate                           - Undefined Weak Reference
    _get_lc_ctype                             - Undefined Weak Reference
    _get_lc_monetary                          - Undefined Weak Reference
    _get_lc_numeric                           - Undefined Weak Reference
    _get_lc_time                              - Undefined Weak Reference
    _getenv_init                              - Undefined Weak Reference
    _handle_redirection                       - Undefined Weak Reference
    _init_alloc                               - Undefined Weak Reference
    _init_user_alloc                          - Undefined Weak Reference
    _initio                                   - Undefined Weak Reference
    _rand_init                                - Undefined Weak Reference
    _signal_finish                            - Undefined Weak Reference
    _signal_init                              - Undefined Weak Reference
    _terminate_alloc                          - Undefined Weak Reference
    _terminate_user_alloc                     - Undefined Weak Reference
    _terminateio                              - Undefined Weak Reference
    Reset_Handler                            0x0000026d   Thumb Code     0  startup.o(RESET)
    NMI_Handler                              0x00000271   Thumb Code     2  startup.o(RESET)
    HardFault_Handler                        0x00000273   Thumb Code     2  startup.o(RESET)
    MemManage_Handler                        0x00000275   Thumb Code     2  startup.o(RESET)
    BusFault_Handler                         0x00000277   Thumb Code     2  startup.o(RESET)
    UsageFault_Handler                       0x00000279   Thumb Code     2  startup.o(RESET)
    SVC_Handler                              0x0000027b   Thumb Code     2  startup.o(RESET)
    DebugMon_Handler                         0x0000027d   Thumb Code     2  startup.o(RESET)
    PendSV_Handler                           0x0000027f   Thumb Code     2  startup.o(RESET)
    ADC0Seq0_Handler                         0x00000283   Thumb Code     0  startup.o(RESET)
    ADC0Seq1_Handler                         0x00000283   Thumb Code     0  startup.o(RESET)
    ADC0Seq2_Handler                         0x00000283   Thumb Code     0  startup.o(RESET)
    ADC0Seq3_Handler                         0x00000283   Thumb Code     0  startup.o(RESET)
    ADC1Seq0_Handler                         0x00000283   Thumb Code     0  startup.o(RESET)
    ADC1Seq1_Handler                         0x00000283   Thumb Code     0  startup.o(RESET)
    ADC1Seq2_Handler                         0x00000283   Thumb Code     0  startup.o(RESET)
    ADC1Seq3_Handler                         0x00000283   Thumb Code     0  startup.o(RESET)
    CAN0_Handler                             0x00000283   Thumb Code     0  startup.o(RESET)
    CAN1_Handler                             0x00000283   Thumb Code     0  startup.o(RESET)
    CAN2_Handler                             0x00000283   Thumb Code     0  startup.o(RESET)
    Comp0_Handler                            0x00000283   Thumb Code     0  startup.o(RESET)
    Comp1_Handler                            0x00000283   Thumb Code     0  startup.o(RESET)
    Comp2_Handler                            0x00000283   Thumb Code     0  startup.o(RESET)
    Ethernet_Handler                         0x00000283   Thumb Code     0  startup.o(RESET)
    ExtBus_Handler                           0x00000283   Thumb Code     0  startup.o(RESET)
    FPU_Handler                              0x00000283   Thumb Code     0  startup.o(RESET)
    Fan0_Handler                             0x00000283   Thumb Code     0  startup.o(RESET)
    FlashCtl_Handler                         0x00000283   Thumb Code     0  startup.o(RESET)
    GPIOPortA_Handler                        0x00000283   Thumb Code     0  startup.o(RESET)
    GPIOPortB_Handler                        0x00000283   Thumb Code     0  startup.o(RESET)
    GPIOPortC_Handler                        0x00000283   Thumb Code     0  startup.o(RESET)
    GPIOPortD_Handler                        0x00000283   Thumb Code     0  startup.o(RESET)
    GPIOPortE_Handler                        0x00000283   Thumb Code     0  startup.o(RESET)
    GPIOPortF_Handler                        0x00000283   Thumb Code     0  startup.o(RESET)
    GPIOPortG_Handler                        0x00000283   Thumb Code     0  startup.o(RESET)
    GPIOPortH_Handler                        0x00000283   Thumb Code     0  startup.o(RESET)
    GPIOPortJ_Handler                        0x00000283   Thumb Code     0  startup.o(RESET)
    GPIOPortK_Handler                        0x00000283   Thumb Code     0  startup.o(RESET)
    GPIOPortL_Handler                        0x00000283   Thumb Code     0  startup.o(RESET)
    GPIOPortM_Handler                        0x00000283   Thumb Code     0  startup.o(RESET)
    GPIOPortN_Handler                        0x00000283   Thumb Code     0  startup.o(RESET)
    GPIOPortP1_Handler                       0x00000283   Thumb Code     0  startup.o(RESET)
    GPIOPortP2_Handler                       0x00000283   Thumb Code     0  startup.o(RESET)
    GPIOPortP3_Handler                       0x00000283   Thumb Code     0  startup.o(RESET)
    GPIOPortP4_Handler                       0x00000283   Thumb Code     0  startup.o(RESET)
    GPIOPortP5_Handler                       0x00000283   Thumb Code     0  startup.o(RESET)
    GPIOPortP6_Handler                       0x00000283   Thumb Code     0  startup.o(RESET)
    GPIOPortP7_Handler                       0x00000283   Thumb Code     0  startup.o(RESET)
    GPIOPortP_Handler                        0x00000283   Thumb Code     0  startup.o(RESET)
    GPIOPortQ1_Handler                       0x00000283   Thumb Code     0  startup.o(RESET)
    GPIOPortQ2_Handler                       0x00000283   Thumb Code     0  startup.o(RESET)
    GPIOPortQ3_Handler                       0x00000283   Thumb Code     0  startup.o(RESET)
    GPIOPortQ4_Handler                       0x00000283   Thumb Code     0  startup.o(RESET)
    GPIOPortQ5_Handler                       0x00000283   Thumb Code     0  startup.o(RESET)
    GPIOPortQ6_Handler                       0x00000283   Thumb Code     0  startup.o(RESET)
    GPIOPortQ7_Handler                       0x00000283   Thumb Code     0  startup.o(RESET)
    GPIOPortQ_Handler                        0x00000283   Thumb Code     0  startup.o(RESET)
    GPIOPortR_Handler                        0x00000283   Thumb Code     0  startup.o(RESET)
    GPIOPortS_Handler                        0x00000283   Thumb Code     0  startup.o(RESET)
    Hibernate_Handler                        0x00000283   Thumb Code     0  startup.o(RESET)
    I2C0_Handler                             0x00000283   Thumb Code     0  startup.o(RESET)
    I2C1_Handler                             0x00000283   Thumb Code     0  startup.o(RESET)
    I2C2_Handler                             0x00000283   Thumb Code     0  startup.o(RESET)
    I2C3_Handler                             0x00000283   Thumb Code     0  startup.o(RESET)
    I2C4_Handler                             0x00000283   Thumb Code     0  startup.o(RESET)
    I2C5_Handler                             0x00000283   Thumb Code     0  startup.o(RESET)
    I2S0_Handler                             0x00000283   Thumb Code     0  startup.o(RESET)
    LPC0_Handler                             0x00000283   Thumb Code     0  startup.o(RESET)
    PECI0_Handler                            0x00000283   Thumb Code     0  startup.o(RESET)
    PWM0Fault_Handler                        0x00000283   Thumb Code     0  startup.o(RESET)
    PWM0Generator0_Handler                   0x00000283   Thumb Code     0  startup.o(RESET)
    PWM0Generator1_Handler                   0x00000283   Thumb Code     0  startup.o(RESET)
    PWM0Generator2_Handler                   0x00000283   Thumb Code     0  startup.o(RESET)
    PWM0Generator3_Handler                   0x00000283   Thumb Code     0  startup.o(RESET)
    PWM1Fault_Handler                        0x00000283   Thumb Code     0  startup.o(RESET)
    PWM1Generator0_Handler                   0x00000283   Thumb Code     0  startup.o(RESET)
    PWM1Generator1_Handler                   0x00000283   Thumb Code     0  startup.o(RESET)
    PWM1Generator2_Handler                   0x00000283   Thumb Code     0  startup.o(RESET)
    PWM1Generator3_Handler                   0x00000283   Thumb Code     0  startup.o(RESET)
    Quadrature0_Handler                      0x00000283   Thumb Code     0  startup.o(RESET)
    Quadrature1_Handler                      0x00000283   Thumb Code     0  startup.o(RESET)
    Quadrature2_Handler                      0x00000283   Thumb Code     0  startup.o(RESET)
    SSI0_Handler                             0x00000283   Thumb Code     0  startup.o(RESET)
    SSI1_Handler                             0x00000283   Thumb Code     0  startup.o(RESET)
    SSI2_Handler                             0x00000283   Thumb Code     0  startup.o(RESET)
    SSI3_Handler                             0x00000283   Thumb Code     0  startup.o(RESET)
    SysCtl_Handler                           0x00000283   Thumb Code     0  startup.o(RESET)
    Timer0B_Handler                          0x00000283   Thumb Code     0  startup.o(RESET)
    Timer1B_Handler                          0x00000283   Thumb Code     0  startup.o(RESET)
    Timer2A_Handler                          0x00000283   Thumb Code     0  startup.o(RESET)
    Timer2B_Handler                          0x00000283   Thumb Code     0  startup.o(RESET)
    Timer3A_Handler                          0x00000283   Thumb Code     0  startup.o(RESET)
    Timer3B_Handler                          0x00000283   Thumb Code     0  startup.o(RESET)
    Timer4B_Handler                          0x00000283   Thumb Code     0  startup.o(RESET)
    Timer5B_Handler                          0x00000283   Thumb Code     0  startup.o(RESET)
    UART0_Handler                            0x00000283   Thumb Code     0  startup.o(RESET)
    UART1_Handler                            0x00000283   Thumb Code     0  startup.o(RESET)
    UART2_Handler                            0x00000283   Thumb Code     0  startup.o(RESET)
    UART3_Handler                            0x00000283   Thumb Code     0  startup.o(RESET)
    UART4_Handler                            0x00000283   Thumb Code     0  startup.o(RESET)
    UART5_Handler                            0x00000283   Thumb Code     0  startup.o(RESET)
    UART6_Handler                            0x00000283   Thumb Code     0  startup.o(RESET)
    UART7_Handler                            0x00000283   Thumb Code     0  startup.o(RESET)
    USB0_Handler                             0x00000283   Thumb Code     0  startup.o(RESET)
    WDT_Handler                              0x00000283   Thumb Code     0  startup.o(RESET)
    WideTimer0A_Handler                      0x00000283   Thumb Code     0  startup.o(RESET)
    WideTimer0B_Handler                      0x00000283   Thumb Code     0  startup.o(RESET)
    WideTimer1A_Handler                      0x00000283   Thumb Code     0  startup.o(RESET)
    WideTimer1B_Handler                      0x00000283   Thumb Code     0  startup.o(RESET)
    WideTimer2A_Handler                      0x00000283   Thumb Code     0  startup.o(RESET)
    WideTimer2B_Handler                      0x00000283   Thumb Code     0  startup.o(RESET)
    WideTimer3A_Handler                      0x00000283   Thumb Code     0  startup.o(RESET)
    WideTimer3B_Handler                      0x00000283   Thumb Code     0  startup.o(RESET)
    WideTimer4A_Handler                      0x00000283   Thumb Code     0  startup.o(RESET)
    WideTimer4B_Handler                      0x00000283   Thumb Code     0  startup.o(RESET)
    WideTimer5A_Handler                      0x00000283   Thumb Code     0  startup.o(RESET)
    WideTimer5B_Handler                      0x00000283   Thumb Code     0  startup.o(RESET)
    uDMA_Error                               0x00000283   Thumb Code     0  startup.o(RESET)
    uDMA_Handler                             0x00000283   Thumb Code     0  startup.o(RESET)
    __main                                   0x00000285   Thumb Code     8  __main.o(!!!main)
    __scatterload                            0x0000028d   Thumb Code     0  __scatter.o(!!!scatter)
    __scatterload_rt2                        0x0000028d   Thumb Code    44  __scatter.o(!!!scatter)
    __scatterload_rt2_thumb_only             0x0000028d   Thumb Code     0  __scatter.o(!!!scatter)
    __scatterload_null                       0x0000029b   Thumb Code     0  __scatter.o(!!!scatter)
    __scatterload_copy                       0x000002c1   Thumb Code    26  __scatter_copy.o(!!handler_copy)
    __scatterload_zeroinit                   0x000002dd   Thumb Code    28  __scatter_zi.o(!!handler_zi)
    __rt_lib_init                            0x000002f9   Thumb Code     0  libinit.o(.ARM.Collect$$libinit$$00000000)
    __rt_lib_init_alloca_1                   0x000002fb   Thumb Code     0  libinit2.o(.ARM.Collect$$libinit$$0000002C)
    __rt_lib_init_argv_1                     0x000002fb   Thumb Code     0  libinit2.o(.ARM.Collect$$libinit$$0000002A)
    __rt_lib_init_atexit_1                   0x000002fb   Thumb Code     0  libinit2.o(.ARM.Collect$$libinit$$00000019)
    __rt_lib_init_clock_1                    0x000002fb   Thumb Code     0  libinit2.o(.ARM.Collect$$libinit$$0000001F)
    __rt_lib_init_cpp_1                      0x000002fb   Thumb Code     0  libinit2.o(.ARM.Collect$$libinit$$00000030)
    __rt_lib_init_exceptions_1               0x000002fb   Thumb Code     0  libinit2.o(.ARM.Collect$$libinit$$0000002E)
    __rt_lib_init_fp_1                       0x000002fb   Thumb Code     0  libinit2.o(.ARM.Collect$$libinit$$00000002)
    __rt_lib_init_fp_trap_1                  0x000002fb   Thumb Code     0  libinit2.o(.ARM.Collect$$libinit$$0000001D)
    __rt_lib_init_getenv_1                   0x000002fb   Thumb Code     0  libinit2.o(.ARM.Collect$$libinit$$00000021)
    __rt_lib_init_heap_1                     0x000002fb   Thumb Code     0  libinit2.o(.ARM.Collect$$libinit$$00000008)
    __rt_lib_init_lc_collate_1               0x000002fb   Thumb Code     0  libinit2.o(.ARM.Collect$$libinit$$0000000F)
    __rt_lib_init_lc_ctype_1                 0x000002fb   Thumb Code     0  libinit2.o(.ARM.Collect$$libinit$$00000011)
    __rt_lib_init_lc_monetary_1              0x000002fb   Thumb Code     0  libinit2.o(.ARM.Collect$$libinit$$00000013)
    __rt_lib_init_lc_numeric_1               0x000002fb   Thumb Code     0  libinit2.o(.ARM.Collect$$libinit$$00000015)
    __rt_lib_init_lc_time_1                  0x000002fb   Thumb Code     0  libinit2.o(.ARM.Collect$$libinit$$00000017)
    __rt_lib_init_rand_1                     0x000002fb   Thumb Code     0  libinit2.o(.ARM.Collect$$libinit$$0000000C)
    __rt_lib_init_return                     0x000002fb   Thumb Code     0  libinit2.o(.ARM.Collect$$libinit$$00000031)
    __rt_lib_init_signal_1                   0x000002fb   Thumb Code     0  libinit2.o(.ARM.Collect$$libinit$$0000001B)
    __rt_lib_init_stdio_1                    0x000002fb   Thumb Code     0  libinit2.o(.ARM.Collect$$libinit$$00000023)
    __rt_lib_init_user_alloc_1               0x000002fb   Thumb Code     0  libinit2.o(.ARM.Collect$$libinit$$0000000A)
    __rt_lib_shutdown                        0x000002fd   Thumb Code     0  libshutdown.o(.ARM.Collect$$libshutdown$$00000000)
    __rt_lib_shutdown_fp_trap_1              0x000002ff   Thumb Code     0  libshutdown2.o(.ARM.Collect$$libshutdown$$00000006)
    __rt_lib_shutdown_heap_1                 0x000002ff   Thumb Code     0  libshutdown2.o(.ARM.Collect$$libshutdown$$0000000E)
    __rt_lib_shutdown_return                 0x000002ff   Thumb Code     0  libshutdown2.o(.ARM.Collect$$libshutdown$$0000000F)
    __rt_lib_shutdown_signal_1               0x000002ff   Thumb Code     0  libshutdown2.o(.ARM.Collect$$libshutdown$$00000009)
    __rt_lib_shutdown_stdio_1                0x000002ff   Thumb Code     0  libshutdown2.o(.ARM.Collect$$libshutdown$$00000003)
    __rt_lib_shutdown_user_alloc_1           0x000002ff   Thumb Code     0  libshutdown2.o(.ARM.Collect$$libshutdown$$0000000B)
    __rt_entry                               0x00000301   Thumb Code     0  rtentry.o(.ARM.Collect$$rtentry$$00000000)
    __rt_entry_presh_1                       0x00000301   Thumb Code     0  rtentry2.o(.ARM.Collect$$rtentry$$00000002)
    __rt_entry_sh                            0x00000301   Thumb Code     0  rtentry4.o(.ARM.Collect$$rtentry$$00000004)
    __rt_entry_li                            0x00000307   Thumb Code     0  rtentry2.o(.ARM.Collect$$rtentry$$0000000A)
    __rt_entry_postsh_1                      0x00000307   Thumb Code     0  rtentry2.o(.ARM.Collect$$rtentry$$00000009)
    __rt_entry_main                          0x0000030b   Thumb Code     0  rtentry2.o(.ARM.Collect$$rtentry$$0000000D)
    __rt_entry_postli_1                      0x0000030b   Thumb Code     0  rtentry2.o(.ARM.Collect$$rtentry$$0000000C)
    __rt_exit                                0x00000313   Thumb Code     0  rtexit.o(.ARM.Collect$$rtexit$$00000000)
    __rt_exit_ls                             0x00000315   Thumb Code     0  rtexit2.o(.ARM.Collect$$rtexit$$00000003)
    __rt_exit_prels_1                        0x00000315   Thumb Code     0  rtexit2.o(.ARM.Collect$$rtexit$$00000002)
    __rt_exit_exit                           0x00000319   Thumb Code     0  rtexit2.o(.ARM.Collect$$rtexit$$00000004)
    DisableInterrupts                        0x00000321   Thumb Code     0  startup.o(.text)
    EnableInterrupts                         0x00000325   Thumb Code     0  startup.o(.text)
    StartCritical                            0x00000329   Thumb Code     0  startup.o(.text)
    EndCritical                              0x00000331   Thumb Code     0  startup.o(.text)
    WaitForInterrupt                         0x00000337   Thumb Code     0  startup.o(.text)
    __user_initial_stackheap                 0x0000033b   Thumb Code     0  startup.o(.text)
    writecommand                             0x00000351   Thumb Code     0  lcd.o(.text)
    writedata                                0x00000379   Thumb Code     0  lcd.o(.text)
    LCD_OutDec                               0x000003a1   Thumb Code     0  print.o(.text)
    LCD_OutFix                               0x000003f1   Thumb Code     0  print.o(.text)
    Random_Init                              0x000004ad   Thumb Code     0  random.o(.text)
    Random32                                 0x000004b7   Thumb Code     2  random.o(.text)
    Random                                   0x000004c9   Thumb Code     2  random.o(.text)
    ADC1_Init                                0x000004ed   Thumb Code   170  texas.o(.text)
    SetCode                                  0x00000597   Thumb Code    20  texas.o(.text)
    UART0_Init                               0x000005ab   Thumb Code   162  texas.o(.text)
    SetCourse                                0x0000064d   Thumb Code    22  texas.o(.text)
    PLL_Init                                 0x00000663   Thumb Code   118  texas.o(.text)
    TExaS_Init                               0x000006d9   Thumb Code   282  texas.o(.text)
    StopTimer4                               0x000007f3   Thumb Code    16  texas.o(.text)
    StartTimer4                              0x00000803   Thumb Code    24  texas.o(.text)
    Timer4A_Handler                          0x0000081b   Thumb Code    20  texas.o(.text)
    ADC1_In                                  0x0000082f   Thumb Code     6  texas.o(.text)
    Timer5A_Handler                          0x00000835   Thumb Code    34  texas.o(.text)
    TExaS_Stop                               0x00000857   Thumb Code    18  texas.o(.text)
    copy                                     0x00000869   Thumb Code    16  texas.o(.text)
    SetMode                                  0x00000879   Thumb Code    22  texas.o(.text)
    UART0_InChar                             0x0000088f   Thumb Code    20  texas.o(.text)
    UART0_InCharNonBlocking                  0x000008a3   Thumb Code    22  texas.o(.text)
    UART0_OutChar                            0x000008b9   Thumb Code   200  texas.o(.text)
    UART0_OutCharNonBlock                    0x00000981   Thumb Code     6  texas.o(.text)
    __use_two_region_memory                  0x0000098d   Thumb Code     2  heapauxi.o(.text)
    __rt_heap_escrow$2region                 0x0000098f   Thumb Code     2  heapauxi.o(.text)
    __rt_heap_expand$2region                 0x00000991   Thumb Code     2  heapauxi.o(.text)
    __user_setup_stackheap                   0x00000993   Thumb Code    74  sys_stackheap_outer.o(.text)
    exit                                     0x000009dd   Thumb Code    12  exit.o(.text)
    __user_libspace                          0x000009e9   Thumb Code     8  libspace.o(.text)
    __user_perproc_libspace                  0x000009e9   Thumb Code     0  libspace.o(.text)
    __user_perthread_libspace                0x000009e9   Thumb Code     0  libspace.o(.text)
    _sys_exit                                0x000009f1   Thumb Code     8  sys_exit.o(.text)
    __I$use$semihosting                      0x000009fd   Thumb Code     0  use_no_semi.o(.text)
    __use_no_semihosting_swi                 0x000009fd   Thumb Code     2  use_no_semi.o(.text)
    __semihosting_library_function           0x000009ff   Thumb Code     0  indicate_semi.o(.text)
    ADC_In0                                  0x00000a01   Thumb Code    44  adc.o(i.ADC_In0)
    ADC_In1                                  0x00000a39   Thumb Code    58  adc.o(i.ADC_In1)
    ADC_Init                                 0x00000a85   Thumb Code   198  adc.o(i.ADC_Init)
    Countdown                                0x00000b65   Thumb Code   260  lab8.o(i.Countdown)
    DAC_Init                                 0x00000c6d   Thumb Code    80  dac.o(i.DAC_Init)
    DAC_Out                                  0x00000cc9   Thumb Code     6  dac.o(i.DAC_Out)
    Delay100ms                               0x00000cd5   Thumb Code    30  lab8.o(i.Delay100ms)
    Delay1ms                                 0x00000cf9   Thumb Code    32  st7735.o(i.Delay1ms)
    Output_Init                              0x00000d19   Thumb Code    16  st7735.o(i.Output_Init)
    Port_Init                                0x00000d29   Thumb Code    72  lab8.o(i.Port_Init)
    ST7735_DrawBitmap                        0x00000d7d   Thumb Code   280  st7735.o(i.ST7735_DrawBitmap)
    ST7735_DrawCharS                         0x00000e9d   Thumb Code   232  st7735.o(i.ST7735_DrawCharS)
    ST7735_DrawPixel                         0x00000f91   Thumb Code    64  st7735.o(i.ST7735_DrawPixel)
    ST7735_DrawString                        0x00000fd9   Thumb Code    84  st7735.o(i.ST7735_DrawString)
    ST7735_FillRect                          0x0000102d   Thumb Code   164  st7735.o(i.ST7735_FillRect)
    ST7735_FillScreen                        0x000010d9   Thumb Code    28  st7735.o(i.ST7735_FillScreen)
    ST7735_InitR                             0x000010fd   Thumb Code    90  st7735.o(i.ST7735_InitR)
    ST7735_OutChar                           0x00001179   Thumb Code   176  st7735.o(i.ST7735_OutChar)
    ST7735_OutString                         0x0000124d   Thumb Code    22  st7735.o(i.ST7735_OutString)
    ST7735_SetCursor                         0x00001265   Thumb Code    22  st7735.o(i.ST7735_SetCursor)
    ST7735_SetRotation                       0x00001285   Thumb Code   196  st7735.o(i.ST7735_SetRotation)
    Sound_Init                               0x00001359   Thumb Code    18  sound.o(i.Sound_Init)
    Sound_Out                                0x00001371   Thumb Code    40  sound.o(i.Sound_Out)
    Sound_Play                               0x000013a5   Thumb Code    16  sound.o(i.Sound_Play)
    SysTick_Handler                          0x000013c1   Thumb Code   608  lab8.o(i.SysTick_Handler)
    SysTick_Init                             0x00001651   Thumb Code    42  lab8.o(i.SysTick_Init)
    Timer0A_Handler                          0x00001685   Thumb Code    16  timer0.o(i.Timer0A_Handler)
    Timer0_Init                              0x0000169d   Thumb Code    76  timer0.o(i.Timer0_Init)
    Timer1A_Handler                          0x000016fd   Thumb Code    16  timer1.o(i.Timer1A_Handler)
    Timer1_Init                              0x00001715   Thumb Code    76  timer1.o(i.Timer1_Init)
    collision$                               0x00001775   Thumb Code    94  lab8.o(i.collision$)
    collisions1                              0x000017e1   Thumb Code   456  lab8.o(i.collisions1)
    collisions2                              0x000019d1   Thumb Code   446  lab8.o(i.collisions2)
    drawmissile                              0x00001d95   Thumb Code   218  lab8.o(i.drawmissile)
    drawmoney                                0x00001e7d   Thumb Code    70  lab8.o(i.drawmoney)
    losesequence                             0x00001ecd   Thumb Code    84  lab8.o(i.losesequence)
    main                                     0x00001f5d   Thumb Code  1420  lab8.o(i.main)
    missileinit                              0x00002529   Thumb Code    68  lab8.o(i.missileinit)
    moneyinit                                0x00002575   Thumb Code    22  lab8.o(i.moneyinit)
    poll                                     0x00002591   Thumb Code   178  lab8.o(i.poll)
    Logo                                     0x000026f0   Data       12800  lab8.o(.constdata)
    Dollarsign                               0x000058f0   Data         306  lab8.o(.constdata)
    Valvano                                  0x00005a22   Data        1380  lab8.o(.constdata)
    Reddi                                    0x00005f86   Data        2262  lab8.o(.constdata)
    Patt                                     0x0000685c   Data        1450  lab8.o(.constdata)
    Paper                                    0x00006e06   Data         336  lab8.o(.constdata)
    Death                                    0x00006f56   Data        1520  lab8.o(.constdata)
    MoneySound                               0x00007546   Data       19343  lab8.o(.constdata)
    shoot                                    0x0000c0d5   Data        4080  lab8.o(.constdata)
    explosion                                0x0000d0c5   Data        8731  lab8.o(.constdata)
    LoseEnd                                  0x0000f2e0   Data       70560  lab8.o(.constdata)
    victory                                  0x00020680   Data       54023  lab8.o(.constdata)
    SwagIntro                                0x0002d987   Data       51818  lab8.o(.constdata)
    dBfs                                     0x0003a9d3   Data         512  st7735.o(.constdata)
    InputPortMsg                             0x0003abd3   Data          40  texas.o(.constdata)
    OutputPortMsg                            0x0003abfb   Data          40  texas.o(.constdata)
    BlankMsg                                 0x0003ac23   Data          40  texas.o(.constdata)
    InitializedMsg                           0x0003ac4b   Data          40  texas.o(.constdata)
    IntroMsg                                 0x0003ac73   Data          40  texas.o(.constdata)
    DoneMsg                                  0x0003ac9b   Data          40  texas.o(.constdata)
    Region$$Table$$Base                      0x0003acc4   Number         0  anon$$obj.o(Region$$Table)
    Region$$Table$$Limit                     0x0003ace4   Number         0  anon$$obj.o(Region$$Table)
    data0                                    0x20000000   Data           4  adc.o(.data)
    data1                                    0x20000004   Data           4  adc.o(.data)
    datajunk                                 0x20000008   Data           4  adc.o(.data)
    bulmax                                   0x2000000c   Data           1  lab8.o(.data)
    mainflag                                 0x2000000d   Data           1  lab8.o(.data)
    valvanoXpos                              0x20000010   Data           4  lab8.o(.data)
    valvanoYpos                              0x20000014   Data           4  lab8.o(.data)
    valvanoXposinit                          0x20000018   Data           4  lab8.o(.data)
    reddiXpos                                0x2000001c   Data           4  lab8.o(.data)
    reddiYpos                                0x20000020   Data           4  lab8.o(.data)
    reddiXposinit                            0x20000024   Data           4  lab8.o(.data)
    reddiHealth                              0x20000028   Data           4  lab8.o(.data)
    pattHealth                               0x2000002c   Data           4  lab8.o(.data)
    valvanoHealth                            0x20000030   Data           4  lab8.o(.data)
    reddifire                                0x20000034   Data           4  lab8.o(.data)
    enemyfire                                0x20000038   Data           4  lab8.o(.data)
    pattflag                                 0x2000003c   Data           4  lab8.o(.data)
    j                                        0x20000040   Data           4  lab8.o(.data)
    loop1                                    0x20000044   Data           4  lab8.o(.data)
    win                                      0x20000048   Data           4  lab8.o(.data)
    moneyflag                                0x2000004c   Data           4  lab8.o(.data)
    loop                                     0x20000050   Data           4  lab8.o(.data)
    StX                                      0x20000054   Data           4  st7735.o(.data)
    StY                                      0x20000058   Data           4  st7735.o(.data)
    StTextColor                              0x2000005c   Data           2  st7735.o(.data)
    lastj                                    0x20000064   Data           4  st7735.o(.data)
    Messageindex                             0x2000006c   Data           4  st7735.o(.data)
    Ymax                                     0x20000070   Data           4  st7735.o(.data)
    Ymin                                     0x20000074   Data           4  st7735.o(.data)
    X                                        0x20000078   Data           4  st7735.o(.data)
    Yrange                                   0x2000007c   Data           4  st7735.o(.data)
    delay                                    0x20000080   Data           1  dac.o(.data)
    PeriodicTask0                            0x20000084   Data           4  timer0.o(.data)
    PeriodicTask1                            0x20000088   Data           4  timer1.o(.data)
    Sound_pt                                 0x2000008c   Data           4  sound.o(.data)
    Sound_Count                              0x20000090   Data           4  sound.o(.data)
    Timer_Count                              0x20000094   Data           4  sound.o(.data)
    TExaS_Period                             0x20000098   Data           4  texas.o(.data)
    TExaS_Ports                              0x2000009c   Data           8  texas.o(.data)
    TExaS_Meter                              0x200000a4   Data           4  texas.o(.data)
    ADCnum                                   0x200000a8   Data           4  texas.o(.data)
    LastMode                                 0x200000ac   Data           4  texas.o(.data)
    bFlag                                    0x200000b0   Data           4  texas.o(.data)
    Count                                    0x200000b4   Data           4  texas.o(.data)
    DelayBetweenTests                        0x200000b8   Data           4  texas.o(.data)
    TExaS_Test                               0x200000bc   Data           4  texas.o(.data)
    ScopeMode                                0x200000c0   Data           4  texas.o(.data)
    ScopeCount                               0x200000c4   Data           4  texas.o(.data)
    paper                                    0x200000cc   Data         240  lab8.o(.bss)
    money                                    0x200001bc   Data          20  lab8.o(.bss)
    TExaS                                    0x200001d0   Data          56  texas.o(.bss)
    __libspace_start                         0x20000208   Data          96  libspace.o(.bss)
    __temporary_stack_top$libspace           0x20000268   Data           0  libspace.o(.bss)



==============================================================================

Memory Map of the image

  Image Entry point : 0x0000026d

  Load Region LR_1 (Base: 0x00000000, Size: 0x0003adb0, Max: 0xffffffff, ABSOLUTE)

    Execution Region ER_RO (Base: 0x00000000, Size: 0x0003ace4, Max: 0xffffffff, ABSOLUTE)

    Base Addr    Size         Type   Attr      Idx    E Section Name        Object

    0x00000000   0x00000284   Code   RO            3  * RESET               startup.o
    0x00000284   0x00000008   Code   RO          564  * !!!main             c_w.l(__main.o)
    0x0000028c   0x00000034   Code   RO          718    !!!scatter          c_w.l(__scatter.o)
    0x000002c0   0x0000001a   Code   RO          720    !!handler_copy      c_w.l(__scatter_copy.o)
    0x000002da   0x00000002   PAD
    0x000002dc   0x0000001c   Code   RO          722    !!handler_zi        c_w.l(__scatter_zi.o)
    0x000002f8   0x00000002   Code   RO          591    .ARM.Collect$$libinit$$00000000  c_w.l(libinit.o)
    0x000002fa   0x00000000   Code   RO          598    .ARM.Collect$$libinit$$00000002  c_w.l(libinit2.o)
    0x000002fa   0x00000000   Code   RO          601    .ARM.Collect$$libinit$$00000008  c_w.l(libinit2.o)
    0x000002fa   0x00000000   Code   RO          603    .ARM.Collect$$libinit$$0000000A  c_w.l(libinit2.o)
    0x000002fa   0x00000000   Code   RO          605    .ARM.Collect$$libinit$$0000000C  c_w.l(libinit2.o)
    0x000002fa   0x00000000   Code   RO          608    .ARM.Collect$$libinit$$0000000F  c_w.l(libinit2.o)
    0x000002fa   0x00000000   Code   RO          610    .ARM.Collect$$libinit$$00000011  c_w.l(libinit2.o)
    0x000002fa   0x00000000   Code   RO          612    .ARM.Collect$$libinit$$00000013  c_w.l(libinit2.o)
    0x000002fa   0x00000000   Code   RO          614    .ARM.Collect$$libinit$$00000015  c_w.l(libinit2.o)
    0x000002fa   0x00000000   Code   RO          616    .ARM.Collect$$libinit$$00000017  c_w.l(libinit2.o)
    0x000002fa   0x00000000   Code   RO          618    .ARM.Collect$$libinit$$00000019  c_w.l(libinit2.o)
    0x000002fa   0x00000000   Code   RO          620    .ARM.Collect$$libinit$$0000001B  c_w.l(libinit2.o)
    0x000002fa   0x00000000   Code   RO          622    .ARM.Collect$$libinit$$0000001D  c_w.l(libinit2.o)
    0x000002fa   0x00000000   Code   RO          624    .ARM.Collect$$libinit$$0000001F  c_w.l(libinit2.o)
    0x000002fa   0x00000000   Code   RO          626    .ARM.Collect$$libinit$$00000021  c_w.l(libinit2.o)
    0x000002fa   0x00000000   Code   RO          628    .ARM.Collect$$libinit$$00000023  c_w.l(libinit2.o)
    0x000002fa   0x00000000   Code   RO          632    .ARM.Collect$$libinit$$0000002A  c_w.l(libinit2.o)
    0x000002fa   0x00000000   Code   RO          634    .ARM.Collect$$libinit$$0000002C  c_w.l(libinit2.o)
    0x000002fa   0x00000000   Code   RO          636    .ARM.Collect$$libinit$$0000002E  c_w.l(libinit2.o)
    0x000002fa   0x00000000   Code   RO          638    .ARM.Collect$$libinit$$00000030  c_w.l(libinit2.o)
    0x000002fa   0x00000002   Code   RO          639    .ARM.Collect$$libinit$$00000031  c_w.l(libinit2.o)
    0x000002fc   0x00000002   Code   RO          659    .ARM.Collect$$libshutdown$$00000000  c_w.l(libshutdown.o)
    0x000002fe   0x00000000   Code   RO          673    .ARM.Collect$$libshutdown$$00000003  c_w.l(libshutdown2.o)
    0x000002fe   0x00000000   Code   RO          676    .ARM.Collect$$libshutdown$$00000006  c_w.l(libshutdown2.o)
    0x000002fe   0x00000000   Code   RO          679    .ARM.Collect$$libshutdown$$00000009  c_w.l(libshutdown2.o)
    0x000002fe   0x00000000   Code   RO          681    .ARM.Collect$$libshutdown$$0000000B  c_w.l(libshutdown2.o)
    0x000002fe   0x00000000   Code   RO          684    .ARM.Collect$$libshutdown$$0000000E  c_w.l(libshutdown2.o)
    0x000002fe   0x00000002   Code   RO          685    .ARM.Collect$$libshutdown$$0000000F  c_w.l(libshutdown2.o)
    0x00000300   0x00000000   Code   RO          566    .ARM.Collect$$rtentry$$00000000  c_w.l(rtentry.o)
    0x00000300   0x00000000   Code   RO          568    .ARM.Collect$$rtentry$$00000002  c_w.l(rtentry2.o)
    0x00000300   0x00000006   Code   RO          580    .ARM.Collect$$rtentry$$00000004  c_w.l(rtentry4.o)
    0x00000306   0x00000000   Code   RO          570    .ARM.Collect$$rtentry$$00000009  c_w.l(rtentry2.o)
    0x00000306   0x00000004   Code   RO          571    .ARM.Collect$$rtentry$$0000000A  c_w.l(rtentry2.o)
    0x0000030a   0x00000000   Code   RO          573    .ARM.Collect$$rtentry$$0000000C  c_w.l(rtentry2.o)
    0x0000030a   0x00000008   Code   RO          574    .ARM.Collect$$rtentry$$0000000D  c_w.l(rtentry2.o)
    0x00000312   0x00000002   Code   RO          595    .ARM.Collect$$rtexit$$00000000  c_w.l(rtexit.o)
    0x00000314   0x00000000   Code   RO          641    .ARM.Collect$$rtexit$$00000002  c_w.l(rtexit2.o)
    0x00000314   0x00000004   Code   RO          642    .ARM.Collect$$rtexit$$00000003  c_w.l(rtexit2.o)
    0x00000318   0x00000006   Code   RO          643    .ARM.Collect$$rtexit$$00000004  c_w.l(rtexit2.o)
    0x0000031e   0x00000002   PAD
    0x00000320   0x00000030   Code   RO            4    .text               startup.o
    0x00000350   0x00000050   Code   RO           12    .text               lcd.o
    0x000003a0   0x0000010c   Code   RO           15    .text               print.o
    0x000004ac   0x00000040   Code   RO          540    .text               random.o
    0x000004ec   0x000004a0   Code   RO          543    .text               texas.o
    0x0000098c   0x00000006   Code   RO          562    .text               c_w.l(heapauxi.o)
    0x00000992   0x0000004a   Code   RO          582    .text               c_w.l(sys_stackheap_outer.o)
    0x000009dc   0x0000000c   Code   RO          584    .text               c_w.l(exit.o)
    0x000009e8   0x00000008   Code   RO          592    .text               c_w.l(libspace.o)
    0x000009f0   0x0000000c   Code   RO          651    .text               c_w.l(sys_exit.o)
    0x000009fc   0x00000002   Code   RO          662    .text               c_w.l(use_no_semi.o)
    0x000009fe   0x00000000   Code   RO          664    .text               c_w.l(indicate_semi.o)
    0x000009fe   0x00000002   PAD
    0x00000a00   0x00000038   Code   RO           18    i.ADC_In0           adc.o
    0x00000a38   0x0000004c   Code   RO           19    i.ADC_In1           adc.o
    0x00000a84   0x000000e0   Code   RO           20    i.ADC_Init          adc.o
    0x00000b64   0x00000108   Code   RO           52    i.Countdown         lab8.o
    0x00000c6c   0x0000005c   Code   RO          437    i.DAC_Init          dac.o
    0x00000cc8   0x0000000c   Code   RO          438    i.DAC_Out           dac.o
    0x00000cd4   0x00000024   Code   RO           53    i.Delay100ms        lab8.o
    0x00000cf8   0x00000020   Code   RO          162    i.Delay1ms          st7735.o
    0x00000d18   0x00000010   Code   RO          165    i.Output_Init       st7735.o
    0x00000d28   0x00000054   Code   RO           54    i.Port_Init         lab8.o
    0x00000d7c   0x00000120   Code   RO          169    i.ST7735_DrawBitmap  st7735.o
    0x00000e9c   0x000000f4   Code   RO          171    i.ST7735_DrawCharS  st7735.o
    0x00000f90   0x00000048   Code   RO          175    i.ST7735_DrawPixel  st7735.o
    0x00000fd8   0x00000054   Code   RO          176    i.ST7735_DrawString  st7735.o
    0x0000102c   0x000000ac   Code   RO          178    i.ST7735_FillRect   st7735.o
    0x000010d8   0x00000024   Code   RO          179    i.ST7735_FillScreen  st7735.o
    0x000010fc   0x0000007c   Code   RO          181    i.ST7735_InitR      st7735.o
    0x00001178   0x000000d4   Code   RO          183    i.ST7735_OutChar    st7735.o
    0x0000124c   0x00000016   Code   RO          184    i.ST7735_OutString  st7735.o
    0x00001262   0x00000002   PAD
    0x00001264   0x00000020   Code   RO          194    i.ST7735_SetCursor  st7735.o
    0x00001284   0x000000d4   Code   RO          195    i.ST7735_SetRotation  st7735.o
    0x00001358   0x00000018   Code   RO          512    i.Sound_Init        sound.o
    0x00001370   0x00000034   Code   RO          513    i.Sound_Out         sound.o
    0x000013a4   0x0000001c   Code   RO          514    i.Sound_Play        sound.o
    0x000013c0   0x00000290   Code   RO           55    i.SysTick_Handler   lab8.o
    0x00001650   0x00000034   Code   RO           56    i.SysTick_Init      lab8.o
    0x00001684   0x00000018   Code   RO          458    i.Timer0A_Handler   timer0.o
    0x0000169c   0x00000060   Code   RO          461    i.Timer0_Init       timer0.o
    0x000016fc   0x00000018   Code   RO          491    i.Timer1A_Handler   timer1.o
    0x00001714   0x00000060   Code   RO          492    i.Timer1_Init       timer1.o
    0x00001774   0x0000006c   Code   RO           57    i.collision$        lab8.o
    0x000017e0   0x000001f0   Code   RO           58    i.collisions1       lab8.o
    0x000019d0   0x000001e8   Code   RO           59    i.collisions2       lab8.o
    0x00001bb8   0x00000056   Code   RO          198    i.commandList       st7735.o
    0x00001c0e   0x00000002   PAD
    0x00001c10   0x00000184   Code   RO          199    i.commonInit        st7735.o
    0x00001d94   0x000000e8   Code   RO           60    i.drawmissile       lab8.o
    0x00001e7c   0x00000050   Code   RO           61    i.drawmoney         lab8.o
    0x00001ecc   0x00000090   Code   RO           62    i.losesequence      lab8.o
    0x00001f5c   0x000005cc   Code   RO           63    i.main              lab8.o
    0x00002528   0x0000004c   Code   RO           64    i.missileinit       lab8.o
    0x00002574   0x0000001c   Code   RO           65    i.moneyinit         lab8.o
    0x00002590   0x000000d8   Code   RO           66    i.poll              lab8.o
    0x00002668   0x00000012   Code   RO          204    i.pushColor         st7735.o
    0x0000267a   0x00000002   PAD
    0x0000267c   0x00000074   Code   RO          205    i.setAddrWindow     st7735.o
    0x000026f0   0x00037d01   Data   RO           68    .constdata          lab8.o
    0x0003a3f1   0x000007e2   Data   RO          207    .constdata          st7735.o
    0x0003abd3   0x000000f0   Data   RO          545    .constdata          texas.o
    0x0003acc3   0x00000001   PAD
    0x0003acc4   0x00000020   Data   RO          716    Region$$Table       anon$$obj.o


    Execution Region ER_RW (Base: 0x20000000, Size: 0x000000cc, Max: 0xffffffff, ABSOLUTE)

    Base Addr    Size         Type   Attr      Idx    E Section Name        Object

    0x20000000   0x0000000c   Data   RW           21    .data               adc.o
    0x2000000c   0x00000048   Data   RW           69    .data               lab8.o
    0x20000054   0x0000002c   Data   RW          208    .data               st7735.o
    0x20000080   0x00000001   Data   RW          439    .data               dac.o
    0x20000081   0x00000003   PAD
    0x20000084   0x00000004   Data   RW          462    .data               timer0.o
    0x20000088   0x00000004   Data   RW          493    .data               timer1.o
    0x2000008c   0x0000000c   Data   RW          515    .data               sound.o
    0x20000098   0x00000030   Data   RW          546    .data               texas.o
    0x200000c8   0x00000004   Data   RW          539    DATA                random.o


    Execution Region ER_ZI (Base: 0x200000cc, Size: 0x0000059c, Max: 0xffffffff, ABSOLUTE)

    Base Addr    Size         Type   Attr      Idx    E Section Name        Object

    0x200000cc   0x00000104   Zero   RW           67    .bss                lab8.o
    0x200001d0   0x00000038   Zero   RW          544    .bss                texas.o
    0x20000208   0x00000060   Zero   RW          593    .bss                c_w.l(libspace.o)
    0x20000268   0x00000000   Zero   RW            2    HEAP                startup.o
    0x20000268   0x00000400   Zero   RW            1    STACK               startup.o


==============================================================================

Image component sizes


      Code (inc. data)   RO Data    RW Data    ZI Data      Debug   Object Name

       356         56          0         12          0       5998   adc.o
       104         18          0          1          0        953   dac.o
      4444        592     228609         72        260      10801   lab8.o
        80         12          0          0          0        216   lcd.o
       268          0          0          0          0        280   print.o
        64         14          0          4          0        504   random.o
       104         30          0         12          0       1805   sound.o
      2154        198       2018         44          0      13061   st7735.o
       692        632          0          0       1024        932   startup.o
      1184        188        240         48         56      14668   texas.o
       120         28          0          4          0       1368   timer0.o
       120         28          0          4          0       1348   timer1.o

    ----------------------------------------------------------------------
      9696       1796     230900        204       1340      51934   Object Totals
         0          0         32          0          0          0   (incl. Generated)
         6          0          1          3          0          0   (incl. Padding)

    ----------------------------------------------------------------------

      Code (inc. data)   RO Data    RW Data    ZI Data      Debug   Library Member Name

         8          0          0          0          0         68   __main.o
        52          8          0          0          0          0   __scatter.o
        26          0          0          0          0          0   __scatter_copy.o
        28          0          0          0          0          0   __scatter_zi.o
        12          0          0          0          0         72   exit.o
         6          0          0          0          0        152   heapauxi.o
         0          0          0          0          0          0   indicate_semi.o
         2          0          0          0          0          0   libinit.o
         2          0          0          0          0          0   libinit2.o
         2          0          0          0          0          0   libshutdown.o
         2          0          0          0          0          0   libshutdown2.o
         8          4          0          0         96         68   libspace.o
         0          0          0          0          0          0   rtentry.o
        12          0          0          0          0          0   rtentry2.o
         6          0          0          0          0          0   rtentry4.o
         2          0          0          0          0          0   rtexit.o
        10          0          0          0          0          0   rtexit2.o
        12          4          0          0          0         68   sys_exit.o
        74          0          0          0          0         80   sys_stackheap_outer.o
         2          0          0          0          0         68   use_no_semi.o

    ----------------------------------------------------------------------
       272         16          0          0         96        576   Library Totals
         6          0          0          0          0          0   (incl. Padding)

    ----------------------------------------------------------------------

      Code (inc. data)   RO Data    RW Data    ZI Data      Debug   Library Name

       266         16          0          0         96        576   c_w.l

    ----------------------------------------------------------------------
       272         16          0          0         96        576   Library Totals

    ----------------------------------------------------------------------

==============================================================================


      Code (inc. data)   RO Data    RW Data    ZI Data      Debug   

      9968       1812     230900        204       1436      49910   Grand Totals
      9968       1812     230900        204       1436      49910   ELF Image Totals
      9968       1812     230900        204          0          0   ROM Totals

==============================================================================

    Total RO  Size (Code + RO Data)               240868 ( 235.22kB)
    Total RW  Size (RW Data + ZI Data)              1640 (   1.60kB)
    Total ROM Size (Code + RO Data + RW Data)     241072 ( 235.42kB)

==============================================================================

